分类: 📺央视频道, 名称: CCTV-1, 有效: 6, IPv4: 48, IPv6: 0, 最小延迟: 319 ms, 最高速率: 3.24 M/s, 平均速率: 1.71 M/s, 最高分辨率: 1920x1080
分类: 📺央视频道, 名称: CCTV-2, 有效: 11, IPv4: 46, IPv6: 0, 最小延迟: 90 ms, 最高速率: 13.50 M/s, 平均速率: 5.35 M/s, 最高分辨率: 1920x1080
分类: 📺央视频道, 名称: CCTV-4, 有效: 11, IPv4: 54, IPv6: 0, 最小延迟: 87 ms, 最高速率: 13.50 M/s, 平均速率: 5.13 M/s, 最高分辨率: 1920x1080
分类: 📺央视频道, 名称: CCTV-3, 有效: 10, IPv4: 48, IPv6: 0, 最小延迟: 41 ms, 最高速率: 125.60 M/s, 平均速率: 14.90 M/s, 最高分辨率: 1920x1080
分类: 📺央视频道, 名称: CCTV-5, 有效: 9, IPv4: 48, IPv6: 0, 最小延迟: 294 ms, 最高速率: 6.62 M/s, 平均速率: 2.49 M/s, 最高分辨率: 1920x1080
分类: 📺央视频道, 名称: CCTV-5+, 有效: 2, IPv4: 28, IPv6: 0, 最小延迟: 444 ms, 最高速率: 5.09 M/s, 平均速率: 4.25 M/s, 最高分辨率: 1920x1080
分类: 📺央视频道, 名称: CCTV-6, 有效: 9, IPv4: 47, IPv6: 0, 最小延迟: 286 ms, 最高速率: 3.04 M/s, 平均速率: 2.39 M/s, 最高分辨率: 1920x1080
分类: 📺央视频道, 名称: CCTV-7, 有效: 10, IPv4: 39, IPv6: 0, 最小延迟: 378 ms, 最高速率: 8.84 M/s, 平均速率: 3.78 M/s, 最高分辨率: 1920x1080
分类: 📺央视频道, 名称: CCTV-8, 有效: 8, IPv4: 43, IPv6: 0, 最小延迟: 321 ms, 最高速率: 4.79 M/s, 平均速率: 2.41 M/s, 最高分辨率: 1920x1080
分类: 📺央视频道, 名称: CCTV-9, 有效: 8, IPv4: 45, IPv6: 0, 最小延迟: 38 ms, 最高速率: 140.76 M/s, 平均速率: 21.46 M/s, 最高分辨率: 1920x1080
分类: 📺央视频道, 名称: CCTV-10, 有效: 7, IPv4: 42, IPv6: 0, 最小延迟: 318 ms, 最高速率: 5.85 M/s, 平均速率: 4.29 M/s, 最高分辨率: 1920x1080
分类: 📺央视频道, 名称: CCTV-11, 有效: 8, IPv4: 39, IPv6: 0, 最小延迟: 352 ms, 最高速率: 5.94 M/s, 平均速率: 3.37 M/s, 最高分辨率: 1920x1080
分类: 📺央视频道, 名称: CCTV-12, 有效: 8, IPv4: 36, IPv6: 0, 最小延迟: 355 ms, 最高速率: 4.58 M/s, 平均速率: 3.11 M/s, 最高分辨率: 1920x1080
分类: 📺央视频道, 名称: CCTV-13, 有效: 5, IPv4: 37, IPv6: 0, 最小延迟: 416 ms, 最高速率: 6.23 M/s, 平均速率: 3.02 M/s, 最高分辨率: 1920x1080
分类: 📺央视频道, 名称: CCTV-14, 有效: 9, IPv4: 38, IPv6: 0, 最小延迟: 291 ms, 最高速率: 3.94 M/s, 平均速率: 3.03 M/s, 最高分辨率: 1920x1080
分类: 📺央视频道, 名称: CCTV-15, 有效: 8, IPv4: 43, IPv6: 0, 最小延迟: 282 ms, 最高速率: 7.70 M/s, 平均速率: 2.83 M/s, 最高分辨率: 1920x1080
分类: 📺央视频道, 名称: CCTV-16, 有效: 6, IPv4: 19, IPv6: 0, 最小延迟: 315 ms, 最高速率: 6.60 M/s, 平均速率: 3.13 M/s, 最高分辨率: 1920x1080
分类: 📺央视频道, 名称: CCTV-17, 有效: 10, IPv4: 29, IPv6: 0, 最小延迟: 34 ms, 最高速率: 148.57 M/s, 平均速率: 68.02 M/s, 最高分辨率: 1920x1080
分类: 📺央视频道, 名称: CETV-1, 有效: 5, IPv4: 45, IPv6: 0, 最小延迟: 598 ms, 最高速率: 8.45 M/s, 平均速率: 5.27 M/s, 最高分辨率: 1920x1080
分类: 📺央视频道, 名称: CETV-2, 有效: 1, IPv4: 27, IPv6: 0, 最小延迟: 1131 ms, 最高速率: 4.49 M/s, 平均速率: 0.22 M/s, 最高分辨率: 1280x720
分类: 📺央视频道, 名称: CETV-3, 有效: 0, IPv4: 5, IPv6: 0, 最小延迟: 426 ms, 最高速率: 6.26 M/s, 平均速率: 0.00 M/s, 最高分辨率: 720x576
分类: 📺央视频道, 名称: CETV-4, 有效: 0, IPv4: 33, IPv6: 0, 最小延迟: 500 ms, 最高速率: 10.15 M/s, 平均速率: 0.00 M/s, 最高分辨率: 1280x720
分类: 💰央视付费频道, 名称: 文化精品, 有效: 6, IPv4: 10, IPv6: 0, 最小延迟: 36 ms, 最高速率: 154.46 M/s, 平均速率: 53.09 M/s, 最高分辨率: 1920x1080
分类: 💰央视付费频道, 名称: 央视台球, 有效: 3, IPv4: 7, IPv6: 0, 最小延迟: 483 ms, 最高速率: 8.76 M/s, 平均速率: 7.68 M/s, 最高分辨率: 1920x1080
分类: 💰央视付费频道, 名称: 风云音乐, 有效: 5, IPv4: 14, IPv6: 0, 最小延迟: 63 ms, 最高速率: 86.71 M/s, 平均速率: 33.09 M/s, 最高分辨率: 1920x1080
分类: 💰央视付费频道, 名称: 第一剧场, 有效: 5, IPv4: 20, IPv6: 0, 最小延迟: 35 ms, 最高速率: 152.87 M/s, 平均速率: 60.60 M/s, 最高分辨率: 1920x1080
分类: 💰央视付费频道, 名称: 风云剧场, 有效: 4, IPv4: 11, IPv6: 0, 最小延迟: 35 ms, 最高速率: 152.61 M/s, 平均速率: 42.37 M/s, 最高分辨率: 1920x1080
分类: 💰央视付费频道, 名称: 怀旧剧场, 有效: 5, IPv4: 13, IPv6: 0, 最小延迟: 33 ms, 最高速率: 154.90 M/s, 平均速率: 48.81 M/s, 最高分辨率: 1920x1080
分类: 💰央视付费频道, 名称: 女性时尚, 有效: 3, IPv4: 10, IPv6: 0, 最小延迟: 554 ms, 最高速率: 9.54 M/s, 平均速率: 5.78 M/s, 最高分辨率: 1920x1080
分类: 💰央视付费频道, 名称: 世界地理, 有效: 4, IPv4: 5, IPv6: 0, 最小延迟: 499 ms, 最高速率: 8.21 M/s, 平均速率: 7.88 M/s, 最高分辨率: 1920x1080
分类: 💰央视付费频道, 名称: 风云足球, 有效: 3, IPv4: 6, IPv6: 0, 最小延迟: 329 ms, 最高速率: 6.92 M/s, 平均速率: 4.75 M/s, 最高分辨率: 1920x1080
分类: 💰央视付费频道, 名称: 高尔夫网球, 有效: 2, IPv4: 8, IPv6: 0, 最小延迟: 472 ms, 最高速率: 9.37 M/s, 平均速率: 4.81 M/s, 最高分辨率: 1920x1080
分类: 💰央视付费频道, 名称: 电视指南, 有效: 1, IPv4: 4, IPv6: 0, 最小延迟: 523 ms, 最高速率: 8.33 M/s, 平均速率: 8.33 M/s, 最高分辨率: 1920x1080
分类: 💰央视付费频道, 名称: 兵器科技, 有效: 5, IPv4: 10, IPv6: 0, 最小延迟: 32 ms, 最高速率: 158.51 M/s, 平均速率: 58.32 M/s, 最高分辨率: 1920x1080
分类: 📡卫视频道, 名称: 香港卫视, 有效: 1, IPv4: 7, IPv6: 0, 最小延迟: 9687 ms, 最高速率: 0.57 M/s, 平均速率: 0.57 M/s, 最高分辨率: 1280x720
分类: 📡卫视频道, 名称: 广东卫视, 有效: 9, IPv4: 41, IPv6: 0, 最小延迟: 35 ms, 最高速率: 151.80 M/s, 平均速率: 42.84 M/s, 最高分辨率: 1920x1080
分类: 📡卫视频道, 名称: 浙江卫视, 有效: 6, IPv4: 32, IPv6: 0, 最小延迟: 530 ms, 最高速率: 9.20 M/s, 平均速率: 7.31 M/s, 最高分辨率: 1920x1080
分类: 📡卫视频道, 名称: 湖南卫视, 有效: 10, IPv4: 43, IPv6: 0, 最小延迟: 294 ms, 最高速率: 7.79 M/s, 平均速率: 2.75 M/s, 最高分辨率: 3840x2160
分类: 📡卫视频道, 名称: 北京卫视, 有效: 8, IPv4: 38, IPv6: 0, 最小延迟: 9 ms, 最高速率: 110.53 M/s, 平均速率: 29.66 M/s, 最高分辨率: 1920x1080
分类: 📡卫视频道, 名称: 湖北卫视, 有效: 3, IPv4: 34, IPv6: 0, 最小延迟: 64 ms, 最高速率: 77.67 M/s, 平均速率: 28.66 M/s, 最高分辨率: 1920x1080
分类: 📡卫视频道, 名称: 黑龙江卫视, 有效: 2, IPv4: 24, IPv6: 0, 最小延迟: 483 ms, 最高速率: 9.14 M/s, 平均速率: 9.04 M/s, 最高分辨率: 1920x1080
分类: 📡卫视频道, 名称: 安徽卫视, 有效: 3, IPv4: 30, IPv6: 0, 最小延迟: 626 ms, 最高速率: 7.40 M/s, 平均速率: 4.16 M/s, 最高分辨率: 1920x1080
分类: 📡卫视频道, 名称: 重庆卫视, 有效: 2, IPv4: 29, IPv6: 0, 最小延迟: 481 ms, 最高速率: 8.69 M/s, 平均速率: 8.67 M/s, 最高分辨率: 1920x1080
分类: 📡卫视频道, 名称: 东方卫视, 有效: 7, IPv4: 35, IPv6: 0, 最小延迟: 482 ms, 最高速率: 9.49 M/s, 平均速率: 6.70 M/s, 最高分辨率: 1920x1080
分类: 📡卫视频道, 名称: 东南卫视, 有效: 3, IPv4: 26, IPv6: 0, 最小延迟: 49 ms, 最高速率: 115.37 M/s, 平均速率: 40.71 M/s, 最高分辨率: 1920x1080
分类: 📡卫视频道, 名称: 甘肃卫视, 有效: 2, IPv4: 17, IPv6: 0, 最小延迟: 361 ms, 最高速率: 8.28 M/s, 平均速率: 5.53 M/s, 最高分辨率: 1920x1080
分类: 📡卫视频道, 名称: 广西卫视, 有效: 2, IPv4: 25, IPv6: 0, 最小延迟: 318 ms, 最高速率: 9.32 M/s, 平均速率: 5.92 M/s, 最高分辨率: 1920x1080
分类: 📡卫视频道, 名称: 贵州卫视, 有效: 6, IPv4: 30, IPv6: 0, 最小延迟: 40 ms, 最高速率: 138.89 M/s, 平均速率: 26.54 M/s, 最高分辨率: 1920x1080
分类: 📡卫视频道, 名称: 海南卫视, 有效: 2, IPv4: 15, IPv6: 0, 最小延迟: 1040 ms, 最高速率: 0.67 M/s, 平均速率: 0.65 M/s, 最高分辨率: 1920x1080
分类: 📡卫视频道, 名称: 河北卫视, 有效: 0, IPv4: 22, IPv6: 0, 最小延迟: 1441 ms, 最高速率: 0.31 M/s, 平均速率: 0.00 M/s, 最高分辨率: 1920x1080
分类: 📡卫视频道, 名称: 河南卫视, 有效: 3, IPv4: 33, IPv6: 0, 最小延迟: 442 ms, 最高速率: 8.37 M/s, 平均速率: 5.51 M/s, 最高分辨率: 1920x1080
分类: 📡卫视频道, 名称: 吉林卫视, 有效: 2, IPv4: 24, IPv6: 0, 最小延迟: 558 ms, 最高速率: 8.35 M/s, 平均速率: 8.14 M/s, 最高分辨率: 1920x1080
分类: 📡卫视频道, 名称: 江苏卫视, 有效: 9, IPv4: 38, IPv6: 0, 最小延迟: 40 ms, 最高速率: 134.58 M/s, 平均速率: 46.23 M/s, 最高分辨率: 1920x1080
分类: 📡卫视频道, 名称: 江西卫视, 有效: 9, IPv4: 36, IPv6: 0, 最小延迟: 36 ms, 最高速率: 146.24 M/s, 平均速率: 38.00 M/s, 最高分辨率: 1920x1080
分类: 📡卫视频道, 名称: 辽宁卫视, 有效: 8, IPv4: 36, IPv6: 0, 最小延迟: 36 ms, 最高速率: 147.82 M/s, 平均速率: 63.32 M/s, 最高分辨率: 1920x1080
分类: 📡卫视频道, 名称: 内蒙古卫视, 有效: 8, IPv4: 18, IPv6: 0, 最小延迟: 37 ms, 最高速率: 140.07 M/s, 平均速率: 60.38 M/s, 最高分辨率: 1920x1080
分类: 📡卫视频道, 名称: 宁夏卫视, 有效: 8, IPv4: 25, IPv6: 0, 最小延迟: 39 ms, 最高速率: 136.51 M/s, 平均速率: 75.88 M/s, 最高分辨率: 1920x1080
分类: 📡卫视频道, 名称: 青海卫视, 有效: 3, IPv4: 20, IPv6: 0, 最小延迟: 563 ms, 最高速率: 7.75 M/s, 平均速率: 5.33 M/s, 最高分辨率: 1920x1080
分类: 📡卫视频道, 名称: 山东卫视, 有效: 7, IPv4: 27, IPv6: 0, 最小延迟: 451 ms, 最高速率: 8.70 M/s, 平均速率: 6.01 M/s, 最高分辨率: 1920x1080
分类: 📡卫视频道, 名称: 山西卫视, 有效: 6, IPv4: 29, IPv6: 0, 最小延迟: 38 ms, 最高速率: 142.66 M/s, 平均速率: 78.41 M/s, 最高分辨率: 1920x1080
分类: 📡卫视频道, 名称: 陕西卫视, 有效: 6, IPv4: 31, IPv6: 0, 最小延迟: 42 ms, 最高速率: 129.50 M/s, 平均速率: 51.89 M/s, 最高分辨率: 1920x1080
分类: 📡卫视频道, 名称: 四川卫视, 有效: 7, IPv4: 35, IPv6: 0, 最小延迟: 39 ms, 最高速率: 142.98 M/s, 平均速率: 37.59 M/s, 最高分辨率: 3840x2160
分类: 📡卫视频道, 名称: 深圳卫视, 有效: 7, IPv4: 26, IPv6: 0, 最小延迟: 877 ms, 最高速率: 5.07 M/s, 平均速率: 2.04 M/s, 最高分辨率: 1920x1080
分类: 📡卫视频道, 名称: 三沙卫视, 有效: 4, IPv4: 11, IPv6: 0, 最小延迟: 1019 ms, 最高速率: 3.12 M/s, 平均速率: 2.03 M/s, 最高分辨率: 1920x1080
分类: 📡卫视频道, 名称: 天津卫视, 有效: 4, IPv4: 23, IPv6: 0, 最小延迟: 478 ms, 最高速率: 9.22 M/s, 平均速率: 7.13 M/s, 最高分辨率: 1920x1080
分类: 📡卫视频道, 名称: 西藏卫视, 有效: 8, IPv4: 19, IPv6: 0, 最小延迟: 37 ms, 最高速率: 137.87 M/s, 平均速率: 62.00 M/s, 最高分辨率: 1920x1080
分类: 📡卫视频道, 名称: 新疆卫视, 有效: 8, IPv4: 22, IPv6: 0, 最小延迟: 34 ms, 最高速率: 147.92 M/s, 平均速率: 47.50 M/s, 最高分辨率: 1920x1080
分类: ☘️广东频道, 名称: 广东珠江, 有效: 6, IPv4: 9, IPv6: 0, 最小延迟: 433 ms, 最高速率: 7.61 M/s, 平均速率: 5.67 M/s, 最高分辨率: 1920x1080
分类: 📡卫视频道, 名称: 云南卫视, 有效: 3, IPv4: 24, IPv6: 0, 最小延迟: 630 ms, 最高速率: 7.71 M/s, 平均速率: 4.17 M/s, 最高分辨率: 1920x1080
分类: ☘️广东频道, 名称: 广东体育, 有效: 3, IPv4: 7, IPv6: 0, 最小延迟: 274 ms, 最高速率: 1.86 M/s, 平均速率: 1.80 M/s, 最高分辨率: 1280x720
分类: ☘️广东频道, 名称: 广东新闻, 有效: 4, IPv4: 7, IPv6: 0, 最小延迟: 377 ms, 最高速率: 7.99 M/s, 平均速率: 5.51 M/s, 最高分辨率: 1280x720
分类: ☘️广东频道, 名称: 广东民生, 有效: 1, IPv4: 4, IPv6: 0, 最小延迟: 902 ms, 最高速率: 3.94 M/s, 平均速率: 3.94 M/s, 最高分辨率: 1280x720
分类: ☘️广东频道, 名称: 广州综合, 有效: 5, IPv4: 5, IPv6: 0, 最小延迟: 2005 ms, 最高速率: 0.34 M/s, 平均速率: 0.30 M/s, 最高分辨率: 1280x720
分类: ☘️广东频道, 名称: 大湾区卫视, 有效: 5, IPv4: 10, IPv6: 0, 最小延迟: 1003 ms, 最高速率: 3.96 M/s, 平均速率: 2.90 M/s, 最高分辨率: 1920x1080
分类: ☘️广东频道, 名称: 广州竞赛, 有效: 0, IPv4: 1, IPv6: 0, 最小延迟: -1 ms, 最高速率: 0.00 M/s, 平均速率: 0.00 M/s, 最高分辨率: 1280x720
分类: ☘️浙江频道, 名称: 浙江钱江都市, 有效: 1, IPv4: 1, IPv6: 0, 最小延迟: 2474 ms, 最高速率: 0.49 M/s, 平均速率: 0.49 M/s, 最高分辨率: 1280x720
分类: ☘️广东频道, 名称: 广州影视, 有效: 0, IPv4: 1, IPv6: 0, 最小延迟: -1 ms, 最高速率: 0.00 M/s, 平均速率: 0.00 M/s, 最高分辨率: None
分类: ☘️浙江频道, 名称: 浙江经济生活, 有效: 1, IPv4: 4, IPv6: 0, 最小延迟: 1062 ms, 最高速率: 0.46 M/s, 平均速率: 0.46 M/s, 最高分辨率: 1920x1080
分类: ☘️浙江频道, 名称: 浙江生活, 有效: 0, IPv4: 2, IPv6: 0, 最小延迟: 1061 ms, 最高速率: 0.22 M/s, 平均速率: 0.00 M/s, 最高分辨率: 1920x1080
分类: ☘️浙江频道, 名称: 浙江教育, 有效: 0, IPv4: 1, IPv6: 0, 最小延迟: 1807 ms, 最高速率: 0.08 M/s, 平均速率: 0.00 M/s, 最高分辨率: 1280x720
分类: ☘️浙江频道, 名称: 浙江钱江, 有效: 0, IPv4: 5, IPv6: 0, 最小延迟: 1023 ms, 最高速率: 0.32 M/s, 平均速率: 0.00 M/s, 最高分辨率: 1920x1080
分类: ☘️浙江频道, 名称: 浙江民生, 有效: 0, IPv4: 5, IPv6: 0, 最小延迟: 1035 ms, 最高速率: 0.26 M/s, 平均速率: 0.00 M/s, 最高分辨率: 1920x1080
分类: ☘️浙江频道, 名称: 浙江少儿, 有效: 0, IPv4: 4, IPv6: 0, 最小延迟: 1115 ms, 最高速率: 0.32 M/s, 平均速率: 0.00 M/s, 最高分辨率: 1920x1080
分类: ☘️浙江频道, 名称: 杭州综合, 有效: 0, IPv4: 2, IPv6: 0, 最小延迟: -1 ms, 最高速率: 0.00 M/s, 平均速率: 0.00 M/s, 最高分辨率: None
分类: ☘️浙江频道, 名称: 杭州西湖明珠, 有效: 0, IPv4: 2, IPv6: 0, 最小延迟: -1 ms, 最高速率: 0.00 M/s, 平均速率: 0.00 M/s, 最高分辨率: None
分类: ☘️浙江频道, 名称: 杭州生活, 有效: 0, IPv4: 2, IPv6: 0, 最小延迟: -1 ms, 最高速率: 0.00 M/s, 平均速率: 0.00 M/s, 最高分辨率: None
分类: ☘️浙江频道, 名称: 杭州影视, 有效: 0, IPv4: 2, IPv6: 0, 最小延迟: -1 ms, 最高速率: 0.00 M/s, 平均速率: 0.00 M/s, 最高分辨率: None
分类: ☘️浙江频道, 名称: 浙江新闻, 有效: 1, IPv4: 8, IPv6: 0, 最小延迟: 1004 ms, 最高速率: 0.38 M/s, 平均速率: 0.38 M/s, 最高分辨率: 1920x1080
分类: ☘️浙江频道, 名称: 杭州青少, 有效: 0, IPv4: 2, IPv6: 0, 最小延迟: -1 ms, 最高速率: 0.00 M/s, 平均速率: 0.00 M/s, 最高分辨率: None
分类: ☘️浙江频道, 名称: 杭州导视, 有效: 0, IPv4: 2, IPv6: 0, 最小延迟: -1 ms, 最高速率: 0.00 M/s, 平均速率: 0.00 M/s, 最高分辨率: None
分类: ☘️浙江频道, 名称: NBTV-1, 有效: 0, IPv4: 2, IPv6: 0, 最小延迟: -1 ms, 最高速率: 0.00 M/s, 平均速率: 0.00 M/s, 最高分辨率: None
分类: ☘️浙江频道, 名称: NBTV-2, 有效: 0, IPv4: 2, IPv6: 0, 最小延迟: -1 ms, 最高速率: 0.00 M/s, 平均速率: 0.00 M/s, 最高分辨率: None
分类: ☘️浙江频道, 名称: NBTV-3, 有效: 0, IPv4: 2, IPv6: 0, 最小延迟: -1 ms, 最高速率: 0.00 M/s, 平均速率: 0.00 M/s, 最高分辨率: None
分类: ☘️浙江频道, 名称: 浙江教科, 有效: 0, IPv4: 2, IPv6: 0, 最小延迟: 1169 ms, 最高速率: 0.28 M/s, 平均速率: 0.00 M/s, 最高分辨率: 1920x1080
分类: ☘️浙江频道, 名称: 之江纪录, 有效: 1, IPv4: 3, IPv6: 0, 最小延迟: 1215 ms, 最高速率: 0.26 M/s, 平均速率: 0.26 M/s, 最高分辨率: 1920x1080
分类: ☘️浙江频道, 名称: 浙江国际, 有效: 0, IPv4: 7, IPv6: 0, 最小延迟: 1102 ms, 最高速率: 0.33 M/s, 平均速率: 0.00 M/s, 最高分辨率: 1920x1080
分类: ☘️浙江频道, 名称: 湖州新闻综合, 有效: 0, IPv4: 1, IPv6: 0, 最小延迟: 1198 ms, 最高速率: 0.16 M/s, 平均速率: 0.00 M/s, 最高分辨率: 1280x720
分类: ☘️浙江频道, 名称: NBTV-4, 有效: 0, IPv4: 2, IPv6: 0, 最小延迟: -1 ms, 最高速率: 0.00 M/s, 平均速率: 0.00 M/s, 最高分辨率: None
分类: ☘️浙江频道, 名称: 湖州文化娱乐, 有效: 0, IPv4: 1, IPv6: 0, 最小延迟: 1152 ms, 最高速率: 0.14 M/s, 平均速率: 0.00 M/s, 最高分辨率: 1280x720
分类: ☘️浙江频道, 名称: 浙江经视, 有效: 0, IPv4: 1, IPv6: 0, 最小延迟: 1049 ms, 最高速率: 0.12 M/s, 平均速率: 0.00 M/s, 最高分辨率: 1280x720
分类: ☘️浙江频道, 名称: 浙江经济, 有效: 0, IPv4: 3, IPv6: 0, 最小延迟: 1712 ms, 最高速率: 0.27 M/s, 平均速率: 0.00 M/s, 最高分辨率: 1920x1080
分类: ☘️浙江频道, 名称: 湖州公共, 有效: 0, IPv4: 1, IPv6: 0, 最小延迟: 1961 ms, 最高速率: 0.15 M/s, 平均速率: 0.00 M/s, 最高分辨率: 1280x720
分类: ☘️浙江频道, 名称: 嘉兴新闻综合, 有效: 0, IPv4: 1, IPv6: 0, 最小延迟: 7155 ms, 最高速率: 0.38 M/s, 平均速率: 0.00 M/s, 最高分辨率: 1920x1080
分类: ☘️浙江频道, 名称: 浙江留学, 有效: 0, IPv4: 2, IPv6: 0, 最小延迟: 1349 ms, 最高速率: 0.21 M/s, 平均速率: 0.00 M/s, 最高分辨率: 1920x1080
分类: ☘️浙江频道, 名称: 浙江数码时代, 有效: 0, IPv4: 2, IPv6: 0, 最小延迟: 1623 ms, 最高速率: 0.13 M/s, 平均速率: 0.00 M/s, 最高分辨率: 1280x720
分类: ☘️浙江频道, 名称: 浙江民生休闲, 有效: 0, IPv4: 1, IPv6: 0, 最小延迟: 1613 ms, 最高速率: 0.16 M/s, 平均速率: 0.00 M/s, 最高分辨率: 640x360
分类: ☘️浙江频道, 名称: 浙江休闲台, 有效: 0, IPv4: 1, IPv6: 0, 最小延迟: 1062 ms, 最高速率: 0.17 M/s, 平均速率: 0.00 M/s, 最高分辨率: 1280x720
分类: ☘️浙江频道, 名称: 鄞州二套, 有效: 0, IPv4: 1, IPv6: 0, 最小延迟: -1 ms, 最高速率: 0.00 M/s, 平均速率: 0.00 M/s, 最高分辨率: None
分类: ☘️浙江频道, 名称: 鄞州一套, 有效: 0, IPv4: 1, IPv6: 0, 最小延迟: -1 ms, 最高速率: 0.00 M/s, 平均速率: 0.00 M/s, 最高分辨率: None
分类: ☘️浙江频道, 名称: 浙江教科影视, 有效: 1, IPv4: 3, IPv6: 0, 最小延迟: 1220 ms, 最高速率: 0.31 M/s, 平均速率: 0.31 M/s, 最高分辨率: 1920x1080
分类: ☘️浙江频道, 名称: 浙江公共新闻, 有效: 0, IPv4: 1, IPv6: 0, 最小延迟: 1035 ms, 最高速率: 0.18 M/s, 平均速率: 0.00 M/s, 最高分辨率: 1920x1080
分类: ☘️浙江频道, 名称: 绍兴电视台公共, 有效: 0, IPv4: 1, IPv6: 0, 最小延迟: 4001 ms, 最高速率: 0.19 M/s, 平均速率: 0.00 M/s, 最高分辨率: 1280x720
分类: ☘️浙江频道, 名称: 象山综合, 有效: 1, IPv4: 1, IPv6: 0, 最小延迟: 6601 ms, 最高速率: 0.91 M/s, 平均速率: 0.91 M/s, 最高分辨率: 1920x1080
分类: ☘️浙江频道, 名称: 绍兴新闻综合, 有效: 0, IPv4: 2, IPv6: 0, 最小延迟: 4503 ms, 最高速率: 0.18 M/s, 平均速率: 0.00 M/s, 最高分辨率: 1280x720
分类: ☘️浙江频道, 名称: 湖州公共民生, 有效: 0, IPv4: 1, IPv6: 0, 最小延迟: 1179 ms, 最高速率: 0.17 M/s, 平均速率: 0.00 M/s, 最高分辨率: 1280x720
分类: ☘️浙江频道, 名称: 海宁新闻综合, 有效: 1, IPv4: 1, IPv6: 0, 最小延迟: 1547 ms, 最高速率: 0.28 M/s, 平均速率: 0.28 M/s, 最高分辨率: 1280x720
分类: ☘️浙江频道, 名称: 绍兴公共, 有效: 0, IPv4: 3, IPv6: 0, 最小延迟: 4001 ms, 最高速率: 0.19 M/s, 平均速率: 0.00 M/s, 最高分辨率: 1280x720
分类: ☘️浙江频道, 名称: 中国蓝新闻, 有效: 0, IPv4: 2, IPv6: 0, 最小延迟: 1818 ms, 最高速率: 0.21 M/s, 平均速率: 0.00 M/s, 最高分辨率: 1920x1080
分类: ☘️浙江频道, 名称: 普陀电视台, 有效: 0, IPv4: 1, IPv6: 0, 最小延迟: -1 ms, 最高速率: 0.00 M/s, 平均速率: 0.00 M/s, 最高分辨率: None
分类: ☘️浙江频道, 名称: 嵊泗新闻综合, 有效: 0, IPv4: 1, IPv6: 0, 最小延迟: 10670 ms, 最高速率: 0.00 M/s, 平均速率: 0.00 M/s, 最高分辨率: None
分类: ☘️浙江频道, 名称: 新昌新闻综合, 有效: 0, IPv4: 1, IPv6: 0, 最小延迟: 10137 ms, 最高速率: 0.00 M/s, 平均速率: 0.00 M/s, 最高分辨率: None
分类: ☘️上海频道, 名称: 七彩戏剧, 有效: 0, IPv4: 2, IPv6: 0, 最小延迟: -1 ms, 最高速率: 0.00 M/s, 平均速率: 0.00 M/s, 最高分辨率: 1440x1080
分类: ☘️上海频道, 名称: 上海教育, 有效: 0, IPv4: 1, IPv6: 0, 最小延迟: -1 ms, 最高速率: 0.00 M/s, 平均速率: 0.00 M/s, 最高分辨率: None
分类: ☘️北京频道, 名称: 北京新闻, 有效: 0, IPv4: 1, IPv6: 0, 最小延迟: 11 ms, 最高速率: 10.24 M/s, 平均速率: 0.00 M/s, 最高分辨率: None
分类: ☘️上海频道, 名称: 上海外语, 有效: 0, IPv4: 2, IPv6: 0, 最小延迟: -1 ms, 最高速率: 0.00 M/s, 平均速率: 0.00 M/s, 最高分辨率: 1440x1080
分类: ☘️上海频道, 名称: 上海新闻综合, 有效: 0, IPv4: 3, IPv6: 0, 最小延迟: -1 ms, 最高速率: 0.00 M/s, 平均速率: 0.00 M/s, 最高分辨率: None
分类: ☘️上海频道, 名称: 上海第一财经, 有效: 0, IPv4: 4, IPv6: 0, 最小延迟: 10 ms, 最高速率: 11.39 M/s, 平均速率: 0.00 M/s, 最高分辨率: None
分类: ☘️上海频道, 名称: 东方影视, 有效: 0, IPv4: 2, IPv6: 0, 最小延迟: -1 ms, 最高速率: 0.00 M/s, 平均速率: 0.00 M/s, 最高分辨率: None
分类: ☘️上海频道, 名称: 东方财经, 有效: 0, IPv4: 2, IPv6: 0, 最小延迟: -1 ms, 最高速率: 0.00 M/s, 平均速率: 0.00 M/s, 最高分辨率: None
分类: ☘️上海频道, 名称: 动漫秀场, 有效: 0, IPv4: 4, IPv6: 0, 最小延迟: -1 ms, 最高速率: 0.00 M/s, 平均速率: 0.00 M/s, 最高分辨率: None
分类: ☘️北京频道, 名称: 北京卡酷少儿, 有效: 0, IPv4: 8, IPv6: 0, 最小延迟: -1 ms, 最高速率: 0.00 M/s, 平均速率: 0.00 M/s, 最高分辨率: None
分类: ☘️上海频道, 名称: 上海都市, 有效: 0, IPv4: 1, IPv6: 0, 最小延迟: -1 ms, 最高速率: 0.00 M/s, 平均速率: 0.00 M/s, 最高分辨率: None
分类: ☘️上海频道, 名称: 新闻综合, 有效: 0, IPv4: 1, IPv6: 0, 最小延迟: 2290 ms, 最高速率: 0.45 M/s, 平均速率: 0.00 M/s, 最高分辨率: 1920x1080
分类: ☘️上海频道, 名称: 全纪实, 有效: 0, IPv4: 1, IPv6: 0, 最小延迟: -1 ms, 最高速率: 0.00 M/s, 平均速率: 0.00 M/s, 最高分辨率: None
分类: ☘️上海频道, 名称: 哈哈炫动, 有效: 1, IPv4: 8, IPv6: 0, 最小延迟: 710 ms, 最高速率: 5.02 M/s, 平均速率: 5.02 M/s, 最高分辨率: 1920x1080
分类: ☘️上海频道, 名称: 欢笑剧场, 有效: 2, IPv4: 13, IPv6: 0, 最小延迟: 985 ms, 最高速率: 5.13 M/s, 平均速率: 4.63 M/s, 最高分辨率: 1280x720
分类: ☘️上海频道, 名称: 生活时尚, 有效: 0, IPv4: 3, IPv6: 0, 最小延迟: -1 ms, 最高速率: 0.00 M/s, 平均速率: 0.00 M/s, 最高分辨率: None
分类: ☘️上海频道, 名称: 法治天地, 有效: 0, IPv4: 6, IPv6: 0, 最小延迟: -1 ms, 最高速率: 0.00 M/s, 平均速率: 0.00 M/s, 最高分辨率: None
分类: ☘️上海频道, 名称: 第一财经, 有效: 0, IPv4: 3, IPv6: 0, 最小延迟: 9 ms, 最高速率: 12.30 M/s, 平均速率: 0.00 M/s, 最高分辨率: None
分类: ☘️上海频道, 名称: 纪实人文, 有效: 0, IPv4: 10, IPv6: 0, 最小延迟: -1 ms, 最高速率: 0.00 M/s, 平均速率: 0.00 M/s, 最高分辨率: None
分类: ☘️重庆频道, 名称: 万源新闻综合, 有效: 0, IPv4: 1, IPv6: 0, 最小延迟: -1 ms, 最高速率: 0.00 M/s, 平均速率: 0.00 M/s, 最高分辨率: None
分类: ☘️重庆频道, 名称: 荣昌综合, 有效: 0, IPv4: 1, IPv6: 0, 最小延迟: 3436 ms, 最高速率: 0.15 M/s, 平均速率: 0.00 M/s, 最高分辨率: 720x404
分类: ☘️重庆频道, 名称: 铜梁综合, 有效: 0, IPv4: 1, IPv6: 0, 最小延迟: 2862 ms, 最高速率: 0.12 M/s, 平均速率: 0.00 M/s, 最高分辨率: 720x576
分类: ☘️重庆频道, 名称: 重庆新闻, 有效: 2, IPv4: 3, IPv6: 0, 最小延迟: 418 ms, 最高速率: 6.50 M/s, 平均速率: 6.46 M/s, 最高分辨率: 1920x1080
分类: ☘️上海频道, 名称: 都市剧场, 有效: 1, IPv4: 15, IPv6: 0, 最小延迟: 12 ms, 最高速率: 9.76 M/s, 平均速率: 9.18 M/s, 最高分辨率: 1920x1080
分类: ☘️重庆频道, 名称: 万州综合, 有效: 0, IPv4: 1, IPv6: 0, 最小延迟: -1 ms, 最高速率: 0.00 M/s, 平均速率: 0.00 M/s, 最高分辨率: None
分类: ☘️重庆频道, 名称: 璧山综合, 有效: 0, IPv4: 1, IPv6: 0, 最小延迟: 10175 ms, 最高速率: 0.32 M/s, 平均速率: 0.00 M/s, 最高分辨率: 1920x1080
分类: ☘️重庆频道, 名称: 万州三峡移民, 有效: 0, IPv4: 1, IPv6: 0, 最小延迟: -1 ms, 最高速率: 0.00 M/s, 平均速率: 0.00 M/s, 最高分辨率: None
分类: ☘️重庆频道, 名称: 重庆时尚购物, 有效: 0, IPv4: 1, IPv6: 0, 最小延迟: -1 ms, 最高速率: 0.00 M/s, 平均速率: 0.00 M/s, 最高分辨率: None
分类: ☘️江苏频道, 名称: 南京少儿, 有效: 0, IPv4: 1, IPv6: 0, 最小延迟: -1 ms, 最高速率: 0.00 M/s, 平均速率: 0.00 M/s, 最高分辨率: None
分类: ☘️江苏频道, 名称: 南京十八, 有效: 0, IPv4: 1, IPv6: 0, 最小延迟: -1 ms, 最高速率: 0.00 M/s, 平均速率: 0.00 M/s, 最高分辨率: None
分类: ☘️江苏频道, 名称: 六合新闻综合, 有效: 0, IPv4: 1, IPv6: 0, 最小延迟: -1 ms, 最高速率: 0.00 M/s, 平均速率: 0.00 M/s, 最高分辨率: None
分类: ☘️江苏频道, 名称: 南京教科, 有效: 0, IPv4: 2, IPv6: 0, 最小延迟: -1 ms, 最高速率: 0.00 M/s, 平均速率: 0.00 M/s, 最高分辨率: None
分类: ☘️江苏频道, 名称: 南通新闻综合, 有效: 0, IPv4: 2, IPv6: 0, 最小延迟: -1 ms, 最高速率: 0.00 M/s, 平均速率: 0.00 M/s, 最高分辨率: None
分类: ☘️江苏频道, 名称: 南京新闻综合, 有效: 0, IPv4: 2, IPv6: 0, 最小延迟: -1 ms, 最高速率: 0.00 M/s, 平均速率: 0.00 M/s, 最高分辨率: None
分类: ☘️江苏频道, 名称: 句容党建, 有效: 0, IPv4: 1, IPv6: 0, 最小延迟: 1161 ms, 最高速率: 0.10 M/s, 平均速率: 0.00 M/s, 最高分辨率: 720x576
分类: ☘️江苏频道, 名称: 句容影院, 有效: 0, IPv4: 1, IPv6: 0, 最小延迟: 912 ms, 最高速率: 0.13 M/s, 平均速率: 0.00 M/s, 最高分辨率: 720x576
分类: ☘️江苏频道, 名称: 句容生活, 有效: 0, IPv4: 1, IPv6: 0, 最小延迟: 2409 ms, 最高速率: 0.12 M/s, 平均速率: 0.00 M/s, 最高分辨率: 720x576
分类: ☘️江苏频道, 名称: 宜兴新闻, 有效: 0, IPv4: 2, IPv6: 0, 最小延迟: -1 ms, 最高速率: 0.00 M/s, 平均速率: 0.00 M/s, 最高分辨率: None
分类: ☘️江苏频道, 名称: 优漫卡通, 有效: 0, IPv4: 4, IPv6: 0, 最小延迟: -1 ms, 最高速率: 0.00 M/s, 平均速率: 0.00 M/s, 最高分辨率: None
分类: ☘️江苏频道, 名称: 常熟民生, 有效: 0, IPv4: 1, IPv6: 0, 最小延迟: -1 ms, 最高速率: 0.00 M/s, 平均速率: 0.00 M/s, 最高分辨率: None
分类: ☘️江苏频道, 名称: 扬州城市, 有效: 0, IPv4: 1, IPv6: 0, 最小延迟: -1 ms, 最高速率: 0.00 M/s, 平均速率: 0.00 M/s, 最高分辨率: None
分类: ☘️江苏频道, 名称: 扬州新闻, 有效: 0, IPv4: 1, IPv6: 0, 最小延迟: -1 ms, 最高速率: 0.00 M/s, 平均速率: 0.00 M/s, 最高分辨率: None
分类: ☘️江苏频道, 名称: 扬州生活, 有效: 0, IPv4: 1, IPv6: 0, 最小延迟: -1 ms, 最高速率: 0.00 M/s, 平均速率: 0.00 M/s, 最高分辨率: None
分类: ☘️江苏频道, 名称: 扬州邗江, 有效: 0, IPv4: 1, IPv6: 0, 最小延迟: -1 ms, 最高速率: 0.00 M/s, 平均速率: 0.00 M/s, 最高分辨率: None
分类: ☘️江苏频道, 名称: 江宁新闻, 有效: 0, IPv4: 1, IPv6: 0, 最小延迟: -1 ms, 最高速率: 0.00 M/s, 平均速率: 0.00 M/s, 最高分辨率: None
分类: ☘️江苏频道, 名称: 武进新闻, 有效: 0, IPv4: 1, IPv6: 0, 最小延迟: 10829 ms, 最高速率: 0.04 M/s, 平均速率: 0.00 M/s, 最高分辨率: None
分类: ☘️江苏频道, 名称: 武进生活, 有效: 0, IPv4: 2, IPv6: 0, 最小延迟: 9507 ms, 最高速率: 0.09 M/s, 平均速率: 0.00 M/s, 最高分辨率: 720x576
分类: ☘️江苏频道, 名称: 江苏城市, 有效: 0, IPv4: 17, IPv6: 0, 最小延迟: 1241 ms, 最高速率: 0.16 M/s, 平均速率: 0.00 M/s, 最高分辨率: 854x480
分类: ☘️江苏频道, 名称: 江苏影视, 有效: 0, IPv4: 17, IPv6: 0, 最小延迟: 1259 ms, 最高速率: 0.15 M/s, 平均速率: 0.00 M/s, 最高分辨率: 854x480
分类: ☘️江苏频道, 名称: 淮安新闻综合, 有效: 0, IPv4: 2, IPv6: 0, 最小延迟: -1 ms, 最高速率: 0.00 M/s, 平均速率: 0.00 M/s, 最高分辨率: None
分类: ☘️江苏频道, 名称: 溧水新闻综合, 有效: 0, IPv4: 2, IPv6: 0, 最小延迟: -1 ms, 最高速率: 0.00 M/s, 平均速率: 0.00 M/s, 最高分辨率: None
分类: ☘️江苏频道, 名称: 睢宁综合, 有效: 1, IPv4: 1, IPv6: 0, 最小延迟: 615 ms, 最高速率: 0.90 M/s, 平均速率: 0.90 M/s, 最高分辨率: 1280x720
分类: ☘️江苏频道, 名称: 苏州文化生活, 有效: 1, IPv4: 1, IPv6: 0, 最小延迟: 1138 ms, 最高速率: 0.36 M/s, 平均速率: 0.36 M/s, 最高分辨率: 1280x720
分类: ☘️江苏频道, 名称: 苏州新闻综合, 有效: 1, IPv4: 1, IPv6: 0, 最小延迟: 1001 ms, 最高速率: 0.87 M/s, 平均速率: 0.87 M/s, 最高分辨率: 1280x720
分类: ☘️江苏频道, 名称: 苏州生活资讯, 有效: 1, IPv4: 1, IPv6: 0, 最小延迟: 1047 ms, 最高速率: 0.41 M/s, 平均速率: 0.41 M/s, 最高分辨率: 1280x720
分类: ☘️江苏频道, 名称: 苏州社会经济, 有效: 1, IPv4: 1, IPv6: 0, 最小延迟: 987 ms, 最高速率: 1.33 M/s, 平均速率: 1.33 M/s, 最高分辨率: 1280x720
分类: ☘️江苏频道, 名称: 滨海新闻综合, 有效: 0, IPv4: 1, IPv6: 0, 最小延迟: 1212 ms, 最高速率: 0.06 M/s, 平均速率: 0.00 M/s, 最高分辨率: 1920x1080
分类: ☘️江苏频道, 名称: 江苏教育, 有效: 0, IPv4: 18, IPv6: 0, 最小延迟: 1236 ms, 最高速率: 0.16 M/s, 平均速率: 0.00 M/s, 最高分辨率: 854x480
分类: ☘️江苏频道, 名称: 泗阳资讯, 有效: 0, IPv4: 2, IPv6: 0, 最小延迟: -1 ms, 最高速率: 0.00 M/s, 平均速率: 0.00 M/s, 最高分辨率: None
分类: ☘️江苏频道, 名称: 镇江二套社会民生, 有效: 0, IPv4: 1, IPv6: 0, 最小延迟: 1191 ms, 最高速率: 0.16 M/s, 平均速率: 0.00 M/s, 最高分辨率: 1920x1080
分类: ☘️江苏频道, 名称: 连云港新闻综合, 有效: 0, IPv4: 17, IPv6: 0, 最小延迟: 1252 ms, 最高速率: 0.19 M/s, 平均速率: 0.00 M/s, 最高分辨率: 854x480
分类: ☘️江苏频道, 名称: 镇江新闻综合, 有效: 0, IPv4: 17, IPv6: 0, 最小延迟: 1186 ms, 最高速率: 0.15 M/s, 平均速率: 0.00 M/s, 最高分辨率: 1920x1080
分类: ☘️辽宁频道, 名称: 辽宁北方, 有效: 0, IPv4: 2, IPv6: 0, 最小延迟: 10340 ms, 最高速率: 0.08 M/s, 平均速率: 0.00 M/s, 最高分辨率: None
分类: ☘️辽宁频道, 名称: 朝阳新闻综合, 有效: 0, IPv4: 1, IPv6: 0, 最小延迟: 10253 ms, 最高速率: 0.00 M/s, 平均速率: 0.00 M/s, 最高分辨率: None
分类: ☘️辽宁频道, 名称: 辽宁影视剧, 有效: 0, IPv4: 2, IPv6: 0, 最小延迟: 10286 ms, 最高速率: 0.05 M/s, 平均速率: 0.00 M/s, 最高分辨率: None
分类: ☘️辽宁频道, 名称: 辽宁教育青少, 有效: 0, IPv4: 1, IPv6: 0, 最小延迟: 10178 ms, 最高速率: 0.00 M/s, 平均速率: 0.00 M/s, 最高分辨率: None
分类: ☘️辽宁频道, 名称: 辽宁生活, 有效: 0, IPv4: 2, IPv6: 0, 最小延迟: 10217 ms, 最高速率: 0.10 M/s, 平均速率: 0.00 M/s, 最高分辨率: 1920x1080
分类: ☘️湖南频道, 名称: 湖南都市, 有效: 0, IPv4: 1, IPv6: 0, 最小延迟: -1 ms, 最高速率: 0.00 M/s, 平均速率: 0.00 M/s, 最高分辨率: None
分类: ☘️湖南频道, 名称: 湖南视剧, 有效: 0, IPv4: 1, IPv6: 0, 最小延迟: -1 ms, 最高速率: 0.00 M/s, 平均速率: 0.00 M/s, 最高分辨率: None
分类: ☘️湖南频道, 名称: 湖南经视, 有效: 0, IPv4: 1, IPv6: 0, 最小延迟: -1 ms, 最高速率: 0.00 M/s, 平均速率: 0.00 M/s, 最高分辨率: None
分类: ☘️湖南频道, 名称: 湖南电影, 有效: 0, IPv4: 1, IPv6: 0, 最小延迟: -1 ms, 最高速率: 0.00 M/s, 平均速率: 0.00 M/s, 最高分辨率: None
分类: ☘️湖南频道, 名称: 湖南爱晚, 有效: 0, IPv4: 2, IPv6: 0, 最小延迟: -1 ms, 最高速率: 0.00 M/s, 平均速率: 0.00 M/s, 最高分辨率: None
分类: ☘️湖南频道, 名称: 湖南娱乐, 有效: 0, IPv4: 1, IPv6: 0, 最小延迟: -1 ms, 最高速率: 0.00 M/s, 平均速率: 0.00 M/s, 最高分辨率: None
分类: ☘️湖南频道, 名称: 湖南国际, 有效: 0, IPv4: 1, IPv6: 0, 最小延迟: -1 ms, 最高速率: 0.00 M/s, 平均速率: 0.00 M/s, 最高分辨率: None
分类: ☘️辽宁频道, 名称: 辽宁经济, 有效: 0, IPv4: 3, IPv6: 0, 最小延迟: 10238 ms, 最高速率: 0.10 M/s, 平均速率: 0.00 M/s, 最高分辨率: None
分类: ☘️湖南频道, 名称: 长沙新闻, 有效: 0, IPv4: 1, IPv6: 0, 最小延迟: -1 ms, 最高速率: 0.00 M/s, 平均速率: 0.00 M/s, 最高分辨率: None
分类: ☘️湖南频道, 名称: 长沙政法, 有效: 0, IPv4: 1, IPv6: 0, 最小延迟: -1 ms, 最高速率: 0.00 M/s, 平均速率: 0.00 M/s, 最高分辨率: None
分类: ☘️湖南频道, 名称: 长沙女性, 有效: 0, IPv4: 1, IPv6: 0, 最小延迟: -1 ms, 最高速率: 0.00 M/s, 平均速率: 0.00 M/s, 最高分辨率: None
分类: ☘️湖南频道, 名称: 衡阳新闻综合, 有效: 0, IPv4: 1, IPv6: 0, 最小延迟: 7135 ms, 最高速率: 0.01 M/s, 平均速率: 0.00 M/s, 最高分辨率: None
分类: ☘️湖北频道, 名称: 湖北综合, 有效: 0, IPv4: 1, IPv6: 0, 最小延迟: -1 ms, 最高速率: 0.00 M/s, 平均速率: 0.00 M/s, 最高分辨率: None
分类: ☘️辽宁频道, 名称: 辽宁都市, 有效: 0, IPv4: 3, IPv6: 0, 最小延迟: 10457 ms, 最高速率: 0.09 M/s, 平均速率: 0.00 M/s, 最高分辨率: None
分类: ☘️湖南频道, 名称: 湖南教育, 有效: 0, IPv4: 1, IPv6: 0, 最小延迟: -1 ms, 最高速率: 0.00 M/s, 平均速率: 0.00 M/s, 最高分辨率: None
分类: ☘️湖北频道, 名称: 湖北生活, 有效: 0, IPv4: 1, IPv6: 0, 最小延迟: -1 ms, 最高速率: 0.00 M/s, 平均速率: 0.00 M/s, 最高分辨率: None
分类: ☘️湖北频道, 名称: 湖北教育, 有效: 0, IPv4: 1, IPv6: 0, 最小延迟: -1 ms, 最高速率: 0.00 M/s, 平均速率: 0.00 M/s, 最高分辨率: None
分类: ☘️湖南频道, 名称: 金鹰纪实, 有效: 0, IPv4: 4, IPv6: 0, 最小延迟: 10334 ms, 最高速率: 0.00 M/s, 平均速率: 0.00 M/s, 最高分辨率: None
分类: ☘️湖南频道, 名称: 娄底综合, 有效: 0, IPv4: 1, IPv6: 0, 最小延迟: -1 ms, 最高速率: 0.00 M/s, 平均速率: 0.00 M/s, 最高分辨率: None
分类: ☘️湖北频道, 名称: 湖北经视, 有效: 0, IPv4: 5, IPv6: 0, 最小延迟: -1 ms, 最高速率: 0.00 M/s, 平均速率: 0.00 M/s, 最高分辨率: None
分类: ☘️湖北频道, 名称: 武汉一台新闻综合, 有效: 0, IPv4: 1, IPv6: 0, 最小延迟: -1 ms, 最高速率: 0.00 M/s, 平均速率: 0.00 M/s, 最高分辨率: None
分类: ☘️湖北频道, 名称: 武汉经济, 有效: 0, IPv4: 1, IPv6: 0, 最小延迟: -1 ms, 最高速率: 0.00 M/s, 平均速率: 0.00 M/s, 最高分辨率: None
分类: ☘️湖北频道, 名称: 湖北影视, 有效: 0, IPv4: 3, IPv6: 0, 最小延迟: -1 ms, 最高速率: 0.00 M/s, 平均速率: 0.00 M/s, 最高分辨率: None
分类: ☘️湖北频道, 名称: 武汉外语, 有效: 0, IPv4: 1, IPv6: 0, 最小延迟: -1 ms, 最高速率: 0.00 M/s, 平均速率: 0.00 M/s, 最高分辨率: None
分类: ☘️湖北频道, 名称: 十堰新闻, 有效: 0, IPv4: 1, IPv6: 0, 最小延迟: -1 ms, 最高速率: 0.00 M/s, 平均速率: 0.00 M/s, 最高分辨率: None
分类: ☘️湖北频道, 名称: 江夏新闻综合, 有效: 0, IPv4: 1, IPv6: 0, 最小延迟: 1846 ms, 最高速率: 0.09 M/s, 平均速率: 0.00 M/s, 最高分辨率: 720x576
分类: ☘️湖北频道, 名称: 湖北公共新闻, 有效: 0, IPv4: 1, IPv6: 0, 最小延迟: -1 ms, 最高速率: 0.00 M/s, 平均速率: 0.00 M/s, 最高分辨率: None
分类: ☘️湖北频道, 名称: 武汉文体, 有效: 0, IPv4: 2, IPv6: 0, 最小延迟: 526 ms, 最高速率: 0.00 M/s, 平均速率: 0.00 M/s, 最高分辨率: 1920x1080
分类: ☘️湖北频道, 名称: 湖北垄上, 有效: 0, IPv4: 2, IPv6: 0, 最小延迟: -1 ms, 最高速率: 0.00 M/s, 平均速率: 0.00 M/s, 最高分辨率: None
分类: ☘️广西频道, 名称: 南宁公共, 有效: 0, IPv4: 5, IPv6: 0, 最小延迟: -1 ms, 最高速率: 0.00 M/s, 平均速率: 0.00 M/s, 最高分辨率: None
分类: ☘️广西频道, 名称: 南宁影娱乐, 有效: 0, IPv4: 1, IPv6: 0, 最小延迟: -1 ms, 最高速率: 0.00 M/s, 平均速率: 0.00 M/s, 最高分辨率: None
分类: ☘️广西频道, 名称: 南宁新闻综合, 有效: 1, IPv4: 5, IPv6: 0, 最小延迟: 1896 ms, 最高速率: 0.23 M/s, 平均速率: 0.23 M/s, 最高分辨率: 1920x1080
分类: ☘️广西频道, 名称: 南宁都市生活, 有效: 0, IPv4: 3, IPv6: 0, 最小延迟: 4421 ms, 最高速率: 0.09 M/s, 平均速率: 0.00 M/s, 最高分辨率: 1280x720
分类: ☘️广西频道, 名称: 来宾综合, 有效: 0, IPv4: 1, IPv6: 0, 最小延迟: 10848 ms, 最高速率: 0.29 M/s, 平均速率: 0.00 M/s, 最高分辨率: 1920x1080
分类: ☘️广西频道, 名称: 广西国际, 有效: 5, IPv4: 5, IPv6: 0, 最小延迟: 575 ms, 最高速率: 9.14 M/s, 平均速率: 7.76 M/s, 最高分辨率: 1920x1080
分类: ☘️天津频道, 名称: 天津都市, 有效: 1, IPv4: 1, IPv6: 0, 最小延迟: 440 ms, 最高速率: 2.56 M/s, 平均速率: 2.56 M/s, 最高分辨率: 1280x720
分类: ☘️天津频道, 名称: 天津新闻, 有效: 1, IPv4: 1, IPv6: 0, 最小延迟: 353 ms, 最高速率: 3.20 M/s, 平均速率: 3.20 M/s, 最高分辨率: 1280x720
分类: ☘️天津频道, 名称: 天津文艺, 有效: 1, IPv4: 1, IPv6: 0, 最小延迟: 334 ms, 最高速率: 3.37 M/s, 平均速率: 3.37 M/s, 最高分辨率: 1280x720
分类: ☘️天津频道, 名称: 津南一套, 有效: 0, IPv4: 1, IPv6: 0, 最小延迟: 9 ms, 最高速率: 27.45 M/s, 平均速率: 0.00 M/s, 最高分辨率: 720x576
分类: ☘️广西频道, 名称: 南宁影视娱乐, 有效: 1, IPv4: 2, IPv6: 0, 最小延迟: 1604 ms, 最高速率: 0.42 M/s, 平均速率: 0.42 M/s, 最高分辨率: 1280x720
分类: ☘️四川频道, 名称: 井研综合, 有效: 0, IPv4: 1, IPv6: 0, 最小延迟: 5050 ms, 最高速率: 0.40 M/s, 平均速率: 0.00 M/s, 最高分辨率: 1920x1080
分类: ☘️四川频道, 名称: 乐至综合, 有效: 1, IPv4: 3, IPv6: 0, 最小延迟: 3541 ms, 最高速率: 0.64 M/s, 平均速率: 0.64 M/s, 最高分辨率: 1920x1080
分类: ☘️四川频道, 名称: 利州综合, 有效: 0, IPv4: 1, IPv6: 0, 最小延迟: -1 ms, 最高速率: 0.00 M/s, 平均速率: 0.00 M/s, 最高分辨率: None
分类: ☘️广西频道, 名称: 广西新闻, 有效: 5, IPv4: 16, IPv6: 0, 最小延迟: 284 ms, 最高速率: 7.83 M/s, 平均速率: 4.67 M/s, 最高分辨率: 1920x1080
分类: ☘️四川频道, 名称: 仁寿综合, 有效: 0, IPv4: 1, IPv6: 0, 最小延迟: 944 ms, 最高速率: 0.05 M/s, 平均速率: 0.00 M/s, 最高分辨率: None
分类: ☘️四川频道, 名称: 叙州新闻综合, 有效: 0, IPv4: 1, IPv6: 0, 最小延迟: -1 ms, 最高速率: 0.00 M/s, 平均速率: 0.00 M/s, 最高分辨率: None
分类: ☘️四川频道, 名称: 名山综合, 有效: 0, IPv4: 1, IPv6: 0, 最小延迟: 1704 ms, 最高速率: 0.15 M/s, 平均速率: 0.00 M/s, 最高分辨率: 1920x1080
分类: ☘️四川频道, 名称: 四川科教, 有效: 0, IPv4: 1, IPv6: 0, 最小延迟: 2717 ms, 最高速率: 0.31 M/s, 平均速率: 0.00 M/s, 最高分辨率: 1920x1080
分类: ☘️四川频道, 名称: 乐山新闻综合, 有效: 0, IPv4: 1, IPv6: 0, 最小延迟: -1 ms, 最高速率: 0.00 M/s, 平均速率: 0.00 M/s, 最高分辨率: None
分类: ☘️四川频道, 名称: 剑阁综合, 有效: 0, IPv4: 1, IPv6: 0, 最小延迟: -1 ms, 最高速率: 0.00 M/s, 平均速率: 0.00 M/s, 最高分辨率: None
分类: ☘️四川频道, 名称: 双流综合, 有效: 0, IPv4: 1, IPv6: 0, 最小延迟: -1 ms, 最高速率: 0.00 M/s, 平均速率: 0.00 M/s, 最高分辨率: None
分类: ☘️四川频道, 名称: 康巴卫视, 有效: 0, IPv4: 1, IPv6: 0, 最小延迟: -1 ms, 最高速率: 0.00 M/s, 平均速率: 0.00 M/s, 最高分辨率: None
分类: ☘️四川频道, 名称: 夹江新闻综合, 有效: 0, IPv4: 1, IPv6: 0, 最小延迟: -1 ms, 最高速率: 0.00 M/s, 平均速率: 0.00 M/s, 最高分辨率: None
分类: ☘️四川频道, 名称: 攀枝花新闻综合, 有效: 0, IPv4: 1, IPv6: 0, 最小延迟: -1 ms, 最高速率: 0.00 M/s, 平均速率: 0.00 M/s, 最高分辨率: None
分类: ☘️四川频道, 名称: 广元公共, 有效: 0, IPv4: 1, IPv6: 0, 最小延迟: -1 ms, 最高速率: 0.00 M/s, 平均速率: 0.00 M/s, 最高分辨率: 1280x720
分类: ☘️四川频道, 名称: 广元综合, 有效: 0, IPv4: 1, IPv6: 0, 最小延迟: -1 ms, 最高速率: 0.00 M/s, 平均速率: 0.00 M/s, 最高分辨率: 1280x720
分类: ☘️四川频道, 名称: 汶川新闻综合, 有效: 0, IPv4: 1, IPv6: 0, 最小延迟: -1 ms, 最高速率: 0.00 M/s, 平均速率: 0.00 M/s, 最高分辨率: 1920x1080
分类: ☘️四川频道, 名称: 沙湾综合, 有效: 0, IPv4: 1, IPv6: 0, 最小延迟: -1 ms, 最高速率: 0.00 M/s, 平均速率: 0.00 M/s, 最高分辨率: None
分类: ☘️四川频道, 名称: 德阳公共, 有效: 0, IPv4: 1, IPv6: 0, 最小延迟: -1 ms, 最高速率: 0.00 M/s, 平均速率: 0.00 M/s, 最高分辨率: None
分类: ☘️四川频道, 名称: 石棉综合, 有效: 0, IPv4: 1, IPv6: 0, 最小延迟: -1 ms, 最高速率: 0.00 M/s, 平均速率: 0.00 M/s, 最高分辨率: 1920x1080
分类: ☘️四川频道, 名称: 昭化综合, 有效: 0, IPv4: 1, IPv6: 0, 最小延迟: -1 ms, 最高速率: 0.00 M/s, 平均速率: 0.00 M/s, 最高分辨率: None
分类: ☘️四川频道, 名称: 德阳新闻综合, 有效: 0, IPv4: 1, IPv6: 0, 最小延迟: -1 ms, 最高速率: 0.00 M/s, 平均速率: 0.00 M/s, 最高分辨率: None
分类: ☘️四川频道, 名称: 筠连综合, 有效: 0, IPv4: 1, IPv6: 0, 最小延迟: -1 ms, 最高速率: 0.00 M/s, 平均速率: 0.00 M/s, 最高分辨率: None
分类: ☘️四川频道, 名称: 绵阳综合, 有效: 0, IPv4: 1, IPv6: 0, 最小延迟: -1 ms, 最高速率: 0.00 M/s, 平均速率: 0.00 M/s, 最高分辨率: None
分类: ☘️四川频道, 名称: 绵阳科技, 有效: 0, IPv4: 1, IPv6: 0, 最小延迟: -1 ms, 最高速率: 0.00 M/s, 平均速率: 0.00 M/s, 最高分辨率: None
分类: ☘️四川频道, 名称: 朝天综合, 有效: 0, IPv4: 1, IPv6: 0, 最小延迟: -1 ms, 最高速率: 0.00 M/s, 平均速率: 0.00 M/s, 最高分辨率: None
分类: ☘️四川频道, 名称: 荥经综合, 有效: 0, IPv4: 1, IPv6: 0, 最小延迟: 1974 ms, 最高速率: 0.14 M/s, 平均速率: 0.00 M/s, 最高分辨率: 1920x1080
分类: ☘️四川频道, 名称: 甘孜综合, 有效: 0, IPv4: 1, IPv6: 0, 最小延迟: -1 ms, 最高速率: 0.00 M/s, 平均速率: 0.00 M/s, 最高分辨率: None
分类: ☘️四川频道, 名称: 长宁综合, 有效: 0, IPv4: 3, IPv6: 0, 最小延迟: -1 ms, 最高速率: 0.00 M/s, 平均速率: 0.00 M/s, 最高分辨率: 1920x1080
分类: ☘️四川频道, 名称: 雅安新闻综合, 有效: 1, IPv4: 1, IPv6: 0, 最小延迟: 2391 ms, 最高速率: 0.59 M/s, 平均速率: 0.59 M/s, 最高分辨率: 1920x1080
分类: ☘️四川频道, 名称: 青川综合, 有效: 0, IPv4: 1, IPv6: 0, 最小延迟: 10628 ms, 最高速率: 0.16 M/s, 平均速率: 0.00 M/s, 最高分辨率: 1920x1080
分类: ☘️四川频道, 名称: 金川乡村, 有效: 0, IPv4: 1, IPv6: 0, 最小延迟: -1 ms, 最高速率: 0.00 M/s, 平均速率: 0.00 M/s, 最高分辨率: None
分类: ☘️陕西频道, 名称: 陕西新闻资讯, 有效: 0, IPv4: 2, IPv6: 0, 最小延迟: -1 ms, 最高速率: 0.00 M/s, 平均速率: 0.00 M/s, 最高分辨率: None
分类: ☘️四川频道, 名称: 金川新闻综合, 有效: 0, IPv4: 4, IPv6: 0, 最小延迟: -1 ms, 最高速率: 0.00 M/s, 平均速率: 0.00 M/s, 最高分辨率: 1920x1080
分类: ☘️陕西频道, 名称: 陕西体育休闲, 有效: 0, IPv4: 2, IPv6: 0, 最小延迟: -1 ms, 最高速率: 0.00 M/s, 平均速率: 0.00 M/s, 最高分辨率: None
分类: ☘️四川频道, 名称: 龙泉驿新闻综合, 有效: 0, IPv4: 1, IPv6: 0, 最小延迟: -1 ms, 最高速率: 0.00 M/s, 平均速率: 0.00 M/s, 最高分辨率: None
分类: ☘️陕西频道, 名称: 陕西都市青春, 有效: 0, IPv4: 3, IPv6: 0, 最小延迟: 10737 ms, 最高速率: 0.03 M/s, 平均速率: 0.00 M/s, 最高分辨率: 720x576
分类: ☘️福建频道, 名称: 漳州新闻综合, 有效: 0, IPv4: 1, IPv6: 0, 最小延迟: -1 ms, 最高速率: 0.00 M/s, 平均速率: 0.00 M/s, 最高分辨率: None
分类: ☘️四川频道, 名称: 青神综合, 有效: 0, IPv4: 2, IPv6: 0, 最小延迟: -1 ms, 最高速率: 0.00 M/s, 平均速率: 0.00 M/s, 最高分辨率: None
分类: ☘️福建频道, 名称: 晋江电视台, 有效: 1, IPv4: 1, IPv6: 0, 最小延迟: 5152 ms, 最高速率: 0.28 M/s, 平均速率: 0.28 M/s, 最高分辨率: 1280x720
分类: ☘️福建频道, 名称: 福建文体, 有效: 0, IPv4: 2, IPv6: 0, 最小延迟: -1 ms, 最高速率: 0.00 M/s, 平均速率: 0.00 M/s, 最高分辨率: None
分类: ☘️福建频道, 名称: 福建电视剧, 有效: 0, IPv4: 1, IPv6: 0, 最小延迟: -1 ms, 最高速率: 0.00 M/s, 平均速率: 0.00 M/s, 最高分辨率: None
分类: ☘️福建频道, 名称: 福建新闻, 有效: 0, IPv4: 3, IPv6: 0, 最小延迟: 7 ms, 最高速率: 13.51 M/s, 平均速率: 0.00 M/s, 最高分辨率: None
分类: ☘️福建频道, 名称: 厦门卫视, 有效: 0, IPv4: 4, IPv6: 0, 最小延迟: 516 ms, 最高速率: 1.25 M/s, 平均速率: 0.00 M/s, 最高分辨率: 720x576
分类: ☘️福建频道, 名称: 福建经济, 有效: 0, IPv4: 3, IPv6: 0, 最小延迟: 7 ms, 最高速率: 13.37 M/s, 平均速率: 0.00 M/s, 最高分辨率: None
分类: ☘️福建频道, 名称: 福建综合, 有效: 0, IPv4: 3, IPv6: 0, 最小延迟: -1 ms, 最高速率: 0.00 M/s, 平均速率: 0.00 M/s, 最高分辨率: None
分类: ☘️福建频道, 名称: 福建公共, 有效: 2, IPv4: 3, IPv6: 0, 最小延迟: 40 ms, 最高速率: 120.62 M/s, 平均速率: 120.21 M/s, 最高分辨率: 1920x1080
分类: ☘️福建频道, 名称: 福建少儿, 有效: 0, IPv4: 2, IPv6: 0, 最小延迟: -1 ms, 最高速率: 0.00 M/s, 平均速率: 0.00 M/s, 最高分辨率: None
分类: ☘️福建频道, 名称: 漳浦综合, 有效: 0, IPv4: 2, IPv6: 0, 最小延迟: -1 ms, 最高速率: 0.00 M/s, 平均速率: 0.00 M/s, 最高分辨率: None
分类: ☘️福建频道, 名称: 福建海峡卫视, 有效: 3, IPv4: 4, IPv6: 0, 最小延迟: 2076 ms, 最高速率: 0.82 M/s, 平均速率: 0.76 M/s, 最高分辨率: 1920x1080
分类: ☘️海南频道, 名称: 海南新闻, 有效: 1, IPv4: 1, IPv6: 0, 最小延迟: 3298 ms, 最高速率: 0.55 M/s, 平均速率: 0.55 M/s, 最高分辨率: 1920x1080
分类: ☘️海南频道, 名称: 海南自贸, 有效: 1, IPv4: 1, IPv6: 0, 最小延迟: 1814 ms, 最高速率: 0.29 M/s, 平均速率: 0.29 M/s, 最高分辨率: 1280x720
分类: ☘️海南频道, 名称: 海南文旅, 有效: 1, IPv4: 1, IPv6: 0, 最小延迟: 2281 ms, 最高速率: 0.43 M/s, 平均速率: 0.43 M/s, 最高分辨率: 1280x720
分类: ☘️海南频道, 名称: 海南少儿, 有效: 1, IPv4: 1, IPv6: 0, 最小延迟: 2116 ms, 最高速率: 0.32 M/s, 平均速率: 0.32 M/s, 最高分辨率: 1280x720
分类: ☘️海南频道, 名称: 海南公共, 有效: 1, IPv4: 1, IPv6: 0, 最小延迟: 1852 ms, 最高速率: 0.35 M/s, 平均速率: 0.35 M/s, 最高分辨率: 1280x720
分类: ☘️福建频道, 名称: 福建旅游, 有效: 4, IPv4: 9, IPv6: 0, 最小延迟: 40 ms, 最高速率: 132.96 M/s, 平均速率: 86.20 M/s, 最高分辨率: 1920x1080
分类: ☘️福建频道, 名称: 龙岩综合, 有效: 0, IPv4: 2, IPv6: 0, 最小延迟: -1 ms, 最高速率: 0.00 M/s, 平均速率: 0.00 M/s, 最高分辨率: None
分类: ☘️河北频道, 名称: 石家庄新闻综合, 有效: 0, IPv4: 1, IPv6: 0, 最小延迟: -1 ms, 最高速率: 0.00 M/s, 平均速率: 0.00 M/s, 最高分辨率: None
分类: ☘️河南频道, 名称: 河南民生, 有效: 0, IPv4: 1, IPv6: 0, 最小延迟: 509 ms, 最高速率: 0.00 M/s, 平均速率: 0.00 M/s, 最高分辨率: 1920x1080
分类: ☘️河南频道, 名称: 梨园, 有效: 0, IPv4: 2, IPv6: 0, 最小延迟: -1 ms, 最高速率: 0.00 M/s, 平均速率: 0.00 M/s, 最高分辨率: 1920x1080
分类: ☘️河南频道, 名称: 河南都市, 有效: 0, IPv4: 2, IPv6: 0, 最小延迟: 515 ms, 最高速率: 0.00 M/s, 平均速率: 0.00 M/s, 最高分辨率: 1920x1080
分类: ☘️河南频道, 名称: 项城新闻, 有效: 0, IPv4: 2, IPv6: 0, 最小延迟: -1 ms, 最高速率: 0.00 M/s, 平均速率: 0.00 M/s, 最高分辨率: None
分类: ☘️甘肃频道, 名称: 甘肃都市, 有效: 0, IPv4: 1, IPv6: 0, 最小延迟: 11 ms, 最高速率: 8.82 M/s, 平均速率: 0.00 M/s, 最高分辨率: None
分类: ☘️河北频道, 名称: 河北都市, 有效: 0, IPv4: 2, IPv6: 0, 最小延迟: 1902 ms, 最高速率: 0.33 M/s, 平均速率: 0.00 M/s, 最高分辨率: 960x540
分类: ☘️甘肃频道, 名称: 甘肃经济, 有效: 0, IPv4: 1, IPv6: 0, 最小延迟: 13 ms, 最高速率: 8.69 M/s, 平均速率: 0.00 M/s, 最高分辨率: None
分类: ☘️河北频道, 名称: 河北农民, 有效: 0, IPv4: 1, IPv6: 0, 最小延迟: 1936 ms, 最高速率: 0.35 M/s, 平均速率: 0.00 M/s, 最高分辨率: 960x540
分类: ☘️甘肃频道, 名称: 永昌综合, 有效: 0, IPv4: 1, IPv6: 0, 最小延迟: 2510 ms, 最高速率: 0.48 M/s, 平均速率: 0.00 M/s, 最高分辨率: 1920x1080
分类: ☘️甘肃频道, 名称: 天祝综合, 有效: 0, IPv4: 1, IPv6: 0, 最小延迟: 2211 ms, 最高速率: 0.42 M/s, 平均速率: 0.00 M/s, 最高分辨率: 1920x1080
分类: ☘️甘肃频道, 名称: 渭源新闻, 有效: 1, IPv4: 1, IPv6: 0, 最小延迟: 2252 ms, 最高速率: 0.76 M/s, 平均速率: 0.76 M/s, 最高分辨率: 1920x1080
分类: ☘️甘肃频道, 名称: 嘉峪关综合, 有效: 1, IPv4: 1, IPv6: 0, 最小延迟: 2436 ms, 最高速率: 0.56 M/s, 平均速率: 0.56 M/s, 最高分辨率: 1920x1080
分类: ☘️甘肃频道, 名称: 张掖新闻综合, 有效: 1, IPv4: 1, IPv6: 0, 最小延迟: 2813 ms, 最高速率: 0.69 M/s, 平均速率: 0.69 M/s, 最高分辨率: 1920x1080
分类: ☘️甘肃频道, 名称: 西峰综合, 有效: 1, IPv4: 1, IPv6: 0, 最小延迟: 3351 ms, 最高速率: 0.71 M/s, 平均速率: 0.71 M/s, 最高分辨率: 1280x720
分类: ☘️甘肃频道, 名称: 白银综合, 有效: 1, IPv4: 2, IPv6: 0, 最小延迟: 2576 ms, 最高速率: 0.56 M/s, 平均速率: 0.56 M/s, 最高分辨率: 1920x1080
分类: ☘️甘肃频道, 名称: 秦安综合, 有效: 0, IPv4: 1, IPv6: 0, 最小延迟: -1 ms, 最高速率: 0.00 M/s, 平均速率: 0.00 M/s, 最高分辨率: 1920x1080
分类: ☘️新疆频道, 名称: 伊犁维吾尔, 有效: 2, IPv4: 2, IPv6: 0, 最小延迟: 4465 ms, 最高速率: 1.06 M/s, 平均速率: 0.97 M/s, 最高分辨率: 1920x1080
分类: ☘️新疆频道, 名称: 伊犁经济法制, 有效: 2, IPv4: 2, IPv6: 0, 最小延迟: 4833 ms, 最高速率: 1.20 M/s, 平均速率: 1.05 M/s, 最高分辨率: 1920x1080
分类: ☘️新疆频道, 名称: 哈密二套, 有效: 0, IPv4: 1, IPv6: 0, 最小延迟: -1 ms, 最高速率: 0.00 M/s, 平均速率: 0.00 M/s, 最高分辨率: 1920x1080
分类: ☘️新疆频道, 名称: 伊犁哈萨克, 有效: 2, IPv4: 2, IPv6: 0, 最小延迟: 4622 ms, 最高速率: 0.96 M/s, 平均速率: 0.73 M/s, 最高分辨率: 1920x1080
分类: ☘️新疆频道, 名称: 哈密三套, 有效: 0, IPv4: 1, IPv6: 0, 最小延迟: -1 ms, 最高速率: 0.00 M/s, 平均速率: 0.00 M/s, 最高分辨率: 1920x1080
分类: ☘️新疆频道, 名称: 兵团五师双河新闻综合, 有效: 0, IPv4: 1, IPv6: 0, 最小延迟: 1101 ms, 最高速率: 0.18 M/s, 平均速率: 0.00 M/s, 最高分辨率: 720x576
分类: ☘️新疆频道, 名称: 巴音郭楞州, 有效: 0, IPv4: 1, IPv6: 0, 最小延迟: -1 ms, 最高速率: 0.00 M/s, 平均速率: 0.00 M/s, 最高分辨率: 1920x1080
分类: ☘️新疆频道, 名称: 奎屯哈萨克语, 有效: 0, IPv4: 1, IPv6: 0, 最小延迟: 3496 ms, 最高速率: 0.28 M/s, 平均速率: 0.00 M/s, 最高分辨率: 1920x1080
分类: ☘️新疆频道, 名称: 可克达拉综合, 有效: 0, IPv4: 1, IPv6: 0, 最小延迟: 2701 ms, 最高速率: 0.11 M/s, 平均速率: 0.00 M/s, 最高分辨率: 1920x1080
分类: ☘️新疆频道, 名称: 玛纳斯综合, 有效: 0, IPv4: 1, IPv6: 0, 最小延迟: 6531 ms, 最高速率: 0.15 M/s, 平均速率: 0.00 M/s, 最高分辨率: 1920x1080
分类: ☘️山东频道, 名称: 山东教育, 有效: 0, IPv4: 2, IPv6: 0, 最小延迟: 2309 ms, 最高速率: 0.20 M/s, 平均速率: 0.00 M/s, 最高分辨率: 1280x720
分类: ☘️新疆频道, 名称: 兵团八师石河子新闻综合, 有效: 0, IPv4: 1, IPv6: 0, 最小延迟: -1 ms, 最高速率: 0.00 M/s, 平均速率: 0.00 M/s, 最高分辨率: None
分类: ☘️山东频道, 名称: 山东少儿, 有效: 0, IPv4: 2, IPv6: 0, 最小延迟: 10872 ms, 最高速率: 0.00 M/s, 平均速率: 0.00 M/s, 最高分辨率: None
分类: ☘️山东频道, 名称: 山东齐鲁, 有效: 0, IPv4: 2, IPv6: 0, 最小延迟: -1 ms, 最高速率: 0.00 M/s, 平均速率: 0.00 M/s, 最高分辨率: None
分类: ☘️山东频道, 名称: 山东农科, 有效: 0, IPv4: 1, IPv6: 0, 最小延迟: 10697 ms, 最高速率: 0.00 M/s, 平均速率: 0.00 M/s, 最高分辨率: None
分类: ☘️山东频道, 名称: 山东生活, 有效: 0, IPv4: 1, IPv6: 0, 最小延迟: 10263 ms, 最高速率: 0.00 M/s, 平均速率: 0.00 M/s, 最高分辨率: None
分类: ☘️山东频道, 名称: 临沂公共, 有效: 0, IPv4: 1, IPv6: 0, 最小延迟: -1 ms, 最高速率: 0.00 M/s, 平均速率: 0.00 M/s, 最高分辨率: None
分类: ☘️山东频道, 名称: 山东体育, 有效: 0, IPv4: 3, IPv6: 0, 最小延迟: 10073 ms, 最高速率: 0.00 M/s, 平均速率: 0.00 M/s, 最高分辨率: None
分类: ☘️山东频道, 名称: 山东文旅, 有效: 0, IPv4: 1, IPv6: 0, 最小延迟: 10189 ms, 最高速率: 0.00 M/s, 平均速率: 0.00 M/s, 最高分辨率: None
分类: ☘️山东频道, 名称: 临沂农科, 有效: 0, IPv4: 2, IPv6: 0, 最小延迟: -1 ms, 最高速率: 0.00 M/s, 平均速率: 0.00 M/s, 最高分辨率: None
分类: ☘️山东频道, 名称: 山东综艺, 有效: 0, IPv4: 1, IPv6: 0, 最小延迟: 10328 ms, 最高速率: 0.00 M/s, 平均速率: 0.00 M/s, 最高分辨率: None
分类: ☘️山东频道, 名称: 烟台公共, 有效: 0, IPv4: 1, IPv6: 0, 最小延迟: -1 ms, 最高速率: 0.00 M/s, 平均速率: 0.00 M/s, 最高分辨率: None
分类: ☘️山西频道, 名称: 万荣综合, 有效: 0, IPv4: 1, IPv6: 0, 最小延迟: 5938 ms, 最高速率: 0.18 M/s, 平均速率: 0.00 M/s, 最高分辨率: 720x404
分类: ☘️山西频道, 名称: 古县综合, 有效: 0, IPv4: 1, IPv6: 0, 最小延迟: 2297 ms, 最高速率: 0.25 M/s, 平均速率: 0.00 M/s, 最高分辨率: 720x480
分类: ☘️山西频道, 名称: 大宁综合, 有效: 0, IPv4: 1, IPv6: 0, 最小延迟: 1270 ms, 最高速率: 0.06 M/s, 平均速率: 0.00 M/s, 最高分辨率: None
分类: ☘️山西频道, 名称: 太谷新闻综合, 有效: 0, IPv4: 2, IPv6: 0, 最小延迟: 1603 ms, 最高速率: 0.60 M/s, 平均速率: 0.00 M/s, 最高分辨率: 1920x1080
分类: ☘️山东频道, 名称: 烟台新闻综合, 有效: 0, IPv4: 1, IPv6: 0, 最小延迟: -1 ms, 最高速率: 0.00 M/s, 平均速率: 0.00 M/s, 最高分辨率: None
分类: ☘️山西频道, 名称: 山西文体生活, 有效: 0, IPv4: 1, IPv6: 0, 最小延迟: -1 ms, 最高速率: 0.00 M/s, 平均速率: 0.00 M/s, 最高分辨率: None
分类: ☘️山西频道, 名称: 山西影视, 有效: 0, IPv4: 1, IPv6: 0, 最小延迟: -1 ms, 最高速率: 0.00 M/s, 平均速率: 0.00 M/s, 最高分辨率: None
分类: ☘️山西频道, 名称: 定襄综合, 有效: 0, IPv4: 1, IPv6: 0, 最小延迟: 3494 ms, 最高速率: 0.17 M/s, 平均速率: 0.00 M/s, 最高分辨率: 1280x720
分类: ☘️山西频道, 名称: 山西社会与法治, 有效: 0, IPv4: 1, IPv6: 0, 最小延迟: -1 ms, 最高速率: 0.00 M/s, 平均速率: 0.00 M/s, 最高分辨率: None
分类: ☘️山西频道, 名称: 山西经济与科技, 有效: 0, IPv4: 1, IPv6: 0, 最小延迟: -1 ms, 最高速率: 0.00 M/s, 平均速率: 0.00 M/s, 最高分辨率: None
分类: ☘️山东频道, 名称: 烟台经济科技, 有效: 0, IPv4: 1, IPv6: 0, 最小延迟: -1 ms, 最高速率: 0.00 M/s, 平均速率: 0.00 M/s, 最高分辨率: None
分类: ☘️山西频道, 名称: 武乡新闻综合, 有效: 0, IPv4: 1, IPv6: 0, 最小延迟: -1 ms, 最高速率: 0.00 M/s, 平均速率: 0.00 M/s, 最高分辨率: None
分类: ☘️山西频道, 名称: 怀仁综合, 有效: 0, IPv4: 1, IPv6: 0, 最小延迟: 2031 ms, 最高速率: 0.28 M/s, 平均速率: 0.00 M/s, 最高分辨率: 1920x1080
分类: ☘️山西频道, 名称: 黄河电视台, 有效: 0, IPv4: 1, IPv6: 0, 最小延迟: -1 ms, 最高速率: 0.00 M/s, 平均速率: 0.00 M/s, 最高分辨率: None
分类: ☘️山西频道, 名称: 黎城综合, 有效: 0, IPv4: 2, IPv6: 0, 最小延迟: -1 ms, 最高速率: 0.00 M/s, 平均速率: 0.00 M/s, 最高分辨率: 1920x1080
分类: ☘️安徽频道, 名称: 安徽国际, 有效: 0, IPv4: 3, IPv6: 0, 最小延迟: -1 ms, 最高速率: 0.00 M/s, 平均速率: 0.00 M/s, 最高分辨率: None
分类: ☘️山西频道, 名称: 平遥新闻综合, 有效: 0, IPv4: 1, IPv6: 0, 最小延迟: 1565 ms, 最高速率: 0.22 M/s, 平均速率: 0.00 M/s, 最高分辨率: 1920x1080
分类: ☘️山西频道, 名称: 长子综合, 有效: 1, IPv4: 1, IPv6: 0, 最小延迟: 10434 ms, 最高速率: 0.71 M/s, 平均速率: 0.71 M/s, 最高分辨率: 1920x1080
分类: ☘️山西频道, 名称: 汾西综合, 有效: 0, IPv4: 1, IPv6: 0, 最小延迟: 1361 ms, 最高速率: 0.21 M/s, 平均速率: 0.00 M/s, 最高分辨率: None
分类: ☘️安徽频道, 名称: 安徽影视, 有效: 0, IPv4: 3, IPv6: 0, 最小延迟: -1 ms, 最高速率: 0.00 M/s, 平均速率: 0.00 M/s, 最高分辨率: None
分类: ☘️安徽频道, 名称: 安徽综艺体育, 有效: 0, IPv4: 1, IPv6: 0, 最小延迟: -1 ms, 最高速率: 0.00 M/s, 平均速率: 0.00 M/s, 最高分辨率: None
分类: ☘️安徽频道, 名称: 安徽经济生活, 有效: 0, IPv4: 1, IPv6: 0, 最小延迟: -1 ms, 最高速率: 0.00 M/s, 平均速率: 0.00 M/s, 最高分辨率: None
分类: ☘️宁夏频道, 名称: 宁夏经济, 有效: 0, IPv4: 1, IPv6: 0, 最小延迟: -1 ms, 最高速率: 0.00 M/s, 平均速率: 0.00 M/s, 最高分辨率: None
分类: ☘️宁夏频道, 名称: 宁夏公共, 有效: 0, IPv4: 1, IPv6: 0, 最小延迟: -1 ms, 最高速率: 0.00 M/s, 平均速率: 0.00 M/s, 最高分辨率: None
分类: ☘️安徽频道, 名称: 固镇新闻, 有效: 0, IPv4: 2, IPv6: 0, 最小延迟: 2287 ms, 最高速率: 0.42 M/s, 平均速率: 0.00 M/s, 最高分辨率: 1920x1080
分类: ☘️宁夏频道, 名称: 宁夏少儿, 有效: 0, IPv4: 1, IPv6: 0, 最小延迟: -1 ms, 最高速率: 0.00 M/s, 平均速率: 0.00 M/s, 最高分辨率: None
分类: ☘️安徽频道, 名称: 广德生活, 有效: 0, IPv4: 1, IPv6: 0, 最小延迟: 2035 ms, 最高速率: 0.42 M/s, 平均速率: 0.00 M/s, 最高分辨率: 1920x1080
分类: ☘️吉林频道, 名称: 吉林乡村, 有效: 0, IPv4: 1, IPv6: 0, 最小延迟: 12 ms, 最高速率: 8.18 M/s, 平均速率: 0.00 M/s, 最高分辨率: None
分类: ☘️吉林频道, 名称: 长白山电视台, 有效: 0, IPv4: 1, IPv6: 0, 最小延迟: 869 ms, 最高速率: 0.09 M/s, 平均速率: 0.00 M/s, 最高分辨率: 320x240
分类: ☘️吉林频道, 名称: 德惠综合, 有效: 0, IPv4: 1, IPv6: 0, 最小延迟: 1399 ms, 最高速率: 0.16 M/s, 平均速率: 0.00 M/s, 最高分辨率: 720x576
分类: ☘️吉林频道, 名称: 九台综合, 有效: 0, IPv4: 1, IPv6: 0, 最小延迟: 2214 ms, 最高速率: 0.23 M/s, 平均速率: 0.00 M/s, 最高分辨率: 720x576
分类: ☘️安徽频道, 名称: 安徽导视, 有效: 0, IPv4: 2, IPv6: 0, 最小延迟: 1986 ms, 最高速率: 0.37 M/s, 平均速率: 0.00 M/s, 最高分辨率: 1920x1080
分类: ☘️吉林频道, 名称: 靖宇综合, 有效: 0, IPv4: 1, IPv6: 0, 最小延迟: 2177 ms, 最高速率: 0.02 M/s, 平均速率: 0.00 M/s, 最高分辨率: None
分类: ☘️吉林频道, 名称: 敦化一套, 有效: 0, IPv4: 2, IPv6: 0, 最小延迟: 823 ms, 最高速率: 0.10 M/s, 平均速率: 0.00 M/s, 最高分辨率: 320x240
分类: ☘️吉林频道, 名称: 龙井综合, 有效: 0, IPv4: 1, IPv6: 0, 最小延迟: 630 ms, 最高速率: 0.06 M/s, 平均速率: 0.00 M/s, 最高分辨率: None
分类: ☘️吉林频道, 名称: 延边卫视, 有效: 2, IPv4: 4, IPv6: 0, 最小延迟: 452 ms, 最高速率: 7.06 M/s, 平均速率: 6.83 M/s, 最高分辨率: 1280x720
分类: ☘️吉林频道, 名称: 磐石综合, 有效: 0, IPv4: 1, IPv6: 0, 最小延迟: 743 ms, 最高速率: 0.05 M/s, 平均速率: 0.00 M/s, 最高分辨率: None
分类: ☘️吉林频道, 名称: 梅河口综合, 有效: 0, IPv4: 1, IPv6: 0, 最小延迟: 3773 ms, 最高速率: 0.02 M/s, 平均速率: 0.00 M/s, 最高分辨率: None
分类: ☘️吉林频道, 名称: 东丰综合, 有效: 0, IPv4: 1, IPv6: 0, 最小延迟: 1422 ms, 最高速率: 0.04 M/s, 平均速率: 0.00 M/s, 最高分辨率: None
分类: ☘️吉林频道, 名称: 舒兰新闻综合, 有效: 0, IPv4: 1, IPv6: 0, 最小延迟: 1872 ms, 最高速率: 0.18 M/s, 平均速率: 0.00 M/s, 最高分辨率: 720x576
分类: ☘️吉林频道, 名称: 桦甸综合, 有效: 0, IPv4: 1, IPv6: 0, 最小延迟: 3347 ms, 最高速率: 0.02 M/s, 平均速率: 0.00 M/s, 最高分辨率: None
分类: ☘️吉林频道, 名称: 双辽综合, 有效: 0, IPv4: 1, IPv6: 0, 最小延迟: 3875 ms, 最高速率: 0.02 M/s, 平均速率: 0.00 M/s, 最高分辨率: None
分类: ☘️吉林频道, 名称: 辉南新闻综合, 有效: 0, IPv4: 1, IPv6: 0, 最小延迟: 3134 ms, 最高速率: 0.19 M/s, 平均速率: 0.00 M/s, 最高分辨率: 720x576
分类: ☘️吉林频道, 名称: 柳河综合, 有效: 0, IPv4: 1, IPv6: 0, 最小延迟: 1115 ms, 最高速率: 0.05 M/s, 平均速率: 0.00 M/s, 最高分辨率: None
分类: ☘️内蒙古频道, 名称: 内蒙新闻, 有效: 0, IPv4: 1, IPv6: 0, 最小延迟: -1 ms, 最高速率: 0.00 M/s, 平均速率: 0.00 M/s, 最高分辨率: None
分类: ☘️内蒙古频道, 名称: 内蒙经济, 有效: 0, IPv4: 1, IPv6: 0, 最小延迟: -1 ms, 最高速率: 0.00 M/s, 平均速率: 0.00 M/s, 最高分辨率: None
分类: ☘️内蒙古频道, 名称: 内蒙少儿, 有效: 0, IPv4: 1, IPv6: 0, 最小延迟: -1 ms, 最高速率: 0.00 M/s, 平均速率: 0.00 M/s, 最高分辨率: None
分类: ☘️内蒙古频道, 名称: 内蒙文体, 有效: 0, IPv4: 1, IPv6: 0, 最小延迟: -1 ms, 最高速率: 0.00 M/s, 平均速率: 0.00 M/s, 最高分辨率: None
分类: ☘️内蒙古频道, 名称: 内蒙农牧, 有效: 0, IPv4: 1, IPv6: 0, 最小延迟: -1 ms, 最高速率: 0.00 M/s, 平均速率: 0.00 M/s, 最高分辨率: None
分类: ☘️吉林频道, 名称: 通化县综合, 有效: 0, IPv4: 1, IPv6: 0, 最小延迟: 1280 ms, 最高速率: 0.03 M/s, 平均速率: 0.00 M/s, 最高分辨率: None
分类: ☘️吉林频道, 名称: 汪清综合, 有效: 0, IPv4: 1, IPv6: 0, 最小延迟: 1886 ms, 最高速率: 0.07 M/s, 平均速率: 0.00 M/s, 最高分辨率: 320x240
分类: ☘️内蒙古频道, 名称: 蒙语文化, 有效: 0, IPv4: 1, IPv6: 0, 最小延迟: -1 ms, 最高速率: 0.00 M/s, 平均速率: 0.00 M/s, 最高分辨率: None
分类: ☘️云南频道, 名称: 易门综合, 有效: 0, IPv4: 1, IPv6: 0, 最小延迟: 2397 ms, 最高速率: 0.41 M/s, 平均速率: 0.00 M/s, 最高分辨率: 1920x1080
分类: ☘️青海频道, 名称: 安多卫视, 有效: 0, IPv4: 1, IPv6: 0, 最小延迟: -1 ms, 最高速率: 0.00 M/s, 平均速率: 0.00 M/s, 最高分辨率: None
分类: ☘️云南频道, 名称: 云南都市, 有效: 0, IPv4: 1, IPv6: 0, 最小延迟: 3351 ms, 最高速率: 0.20 M/s, 平均速率: 0.00 M/s, 最高分辨率: 1280x720
分类: ☘️云南频道, 名称: 通海电视台, 有效: 0, IPv4: 1, IPv6: 0, 最小延迟: 2957 ms, 最高速率: 0.41 M/s, 平均速率: 0.00 M/s, 最高分辨率: 1920x1080
分类: ☘️云南频道, 名称: 云南娱乐, 有效: 1, IPv4: 1, IPv6: 0, 最小延迟: 3088 ms, 最高速率: 0.24 M/s, 平均速率: 0.24 M/s, 最高分辨率: 1280x720
分类: ☘️云南频道, 名称: 陇川综合, 有效: 0, IPv4: 1, IPv6: 0, 最小延迟: -1 ms, 最高速率: 0.00 M/s, 平均速率: 0.00 M/s, 最高分辨率: 1920x1080
分类: ☘️青海频道, 名称: 贵南综合, 有效: 0, IPv4: 1, IPv6: 0, 最小延迟: -1 ms, 最高速率: 0.00 M/s, 平均速率: 0.00 M/s, 最高分辨率: None
分类: ☘️青海频道, 名称: 门源综合, 有效: 0, IPv4: 1, IPv6: 0, 最小延迟: -1 ms, 最高速率: 0.00 M/s, 平均速率: 0.00 M/s, 最高分辨率: None
分类: ☘️青海频道, 名称: 化隆综合, 有效: 0, IPv4: 1, IPv6: 0, 最小延迟: -1 ms, 最高速率: 0.00 M/s, 平均速率: 0.00 M/s, 最高分辨率: None
分类: ☘️青海频道, 名称: 青海都市, 有效: 0, IPv4: 1, IPv6: 0, 最小延迟: -1 ms, 最高速率: 0.00 M/s, 平均速率: 0.00 M/s, 最高分辨率: None
分类: ☘️青海频道, 名称: 青海经视, 有效: 0, IPv4: 1, IPv6: 0, 最小延迟: -1 ms, 最高速率: 0.00 M/s, 平均速率: 0.00 M/s, 最高分辨率: None
分类: ☘️青海频道, 名称: 民和综合, 有效: 0, IPv4: 1, IPv6: 0, 最小延迟: -1 ms, 最高速率: 0.00 M/s, 平均速率: 0.00 M/s, 最高分辨率: None
分类: ☘️黑龙江频道, 名称: 哈尔滨资讯, 有效: 0, IPv4: 1, IPv6: 0, 最小延迟: 1807 ms, 最高速率: 0.02 M/s, 平均速率: 0.00 M/s, 最高分辨率: 640x480
分类: ☘️黑龙江频道, 名称: 哈尔滨新闻综合, 有效: 0, IPv4: 1, IPv6: 0, 最小延迟: 7094 ms, 最高速率: 0.06 M/s, 平均速率: 0.00 M/s, 最高分辨率: 640x480
分类: ☘️黑龙江频道, 名称: 哈尔滨影视, 有效: 0, IPv4: 1, IPv6: 0, 最小延迟: 7043 ms, 最高速率: 0.07 M/s, 平均速率: 0.00 M/s, 最高分辨率: None
分类: ☘️青海频道, 名称: 兴海综合, 有效: 0, IPv4: 1, IPv6: 0, 最小延迟: -1 ms, 最高速率: 0.00 M/s, 平均速率: 0.00 M/s, 最高分辨率: None
分类: ☘️黑龙江频道, 名称: 黑龙江少儿, 有效: 0, IPv4: 1, IPv6: 0, 最小延迟: -1 ms, 最高速率: 0.00 M/s, 平均速率: 0.00 M/s, 最高分辨率: None
分类: ☘️黑龙江频道, 名称: 哈尔滨生活, 有效: 0, IPv4: 3, IPv6: 0, 最小延迟: 587 ms, 最高速率: 0.07 M/s, 平均速率: 0.00 M/s, 最高分辨率: 1920x1080
分类: ☘️黑龙江频道, 名称: 七台河民生社教, 有效: 0, IPv4: 1, IPv6: 0, 最小延迟: -1 ms, 最高速率: 0.00 M/s, 平均速率: 0.00 M/s, 最高分辨率: None
分类: ☘️黑龙江频道, 名称: 双鸭山综合, 有效: 0, IPv4: 1, IPv6: 0, 最小延迟: -1 ms, 最高速率: 0.00 M/s, 平均速率: 0.00 M/s, 最高分辨率: 1280x720
分类: ☘️黑龙江频道, 名称: 七台河新闻综合, 有效: 1, IPv4: 1, IPv6: 0, 最小延迟: 2710 ms, 最高速率: 0.35 M/s, 平均速率: 0.35 M/s, 最高分辨率: 1280x720
分类: ☘️黑龙江频道, 名称: 甘南县综合, 有效: 0, IPv4: 1, IPv6: 0, 最小延迟: 2092 ms, 最高速率: 0.02 M/s, 平均速率: 0.00 M/s, 最高分辨率: 640x480
分类: ☘️黑龙江频道, 名称: 哈尔滨娱乐, 有效: 0, IPv4: 2, IPv6: 0, 最小延迟: 2444 ms, 最高速率: 0.02 M/s, 平均速率: 0.00 M/s, 最高分辨率: 640x480
分类: 🌊港·澳·台, 名称: 翡翠台, 有效: 0, IPv4: 12, IPv6: 0, 最小延迟: 156 ms, 最高速率: 1.86 M/s, 平均速率: 0.00 M/s, 最高分辨率: 1920x1080
分类: 🌊港·澳·台, 名称: 明珠台, 有效: 0, IPv4: 3, IPv6: 0, 最小延迟: -1 ms, 最高速率: 0.00 M/s, 平均速率: 0.00 M/s, 最高分辨率: None
分类: 🌊港·澳·台, 名称: 凤凰中文, 有效: 1, IPv4: 14, IPv6: 0, 最小延迟: 505 ms, 最高速率: 0.21 M/s, 平均速率: 0.21 M/s, 最高分辨率: 1920x1080
分类: 🌊港·澳·台, 名称: 凤凰资讯, 有效: 4, IPv4: 11, IPv6: 0, 最小延迟: 509 ms, 最高速率: 2.50 M/s, 平均速率: 0.81 M/s, 最高分辨率: 1920x1080
分类: 🌊港·澳·台, 名称: TVBS亚洲, 有效: 3, IPv4: 4, IPv6: 0, 最小延迟: 1651 ms, 最高速率: 0.68 M/s, 平均速率: 0.61 M/s, 最高分辨率: 1920x1080
分类: 🌊港·澳·台, 名称: 纬来体育, 有效: 0, IPv4: 2, IPv6: 0, 最小延迟: -1 ms, 最高速率: 0.00 M/s, 平均速率: 0.00 M/s, 最高分辨率: 1280x720
分类: 🌊港·澳·台, 名称: 凤凰香港, 有效: 1, IPv4: 8, IPv6: 0, 最小延迟: 151 ms, 最高速率: 3.18 M/s, 平均速率: 3.18 M/s, 最高分辨率: 1280x720
分类: 🌊港·澳·台, 名称: 三立新闻, 有效: 0, IPv4: 1, IPv6: 0, 最小延迟: -1 ms, 最高速率: 0.00 M/s, 平均速率: 0.00 M/s, 最高分辨率: None
分类: 🌊港·澳·台, 名称: 东森综合, 有效: 0, IPv4: 1, IPv6: 0, 最小延迟: -1 ms, 最高速率: 0.00 M/s, 平均速率: 0.00 M/s, 最高分辨率: None
分类: 🌊港·澳·台, 名称: 凤凰卫视, 有效: 0, IPv4: 3, IPv6: 0, 最小延迟: 180 ms, 最高速率: 1.80 M/s, 平均速率: 0.00 M/s, 最高分辨率: 1920x1080
分类: 🌊港·澳·台, 名称: 东森超视, 有效: 0, IPv4: 2, IPv6: 0, 最小延迟: 1974 ms, 最高速率: 0.49 M/s, 平均速率: 0.00 M/s, 最高分辨率: 1920x1080
分类: 🌊港·澳·台, 名称: Now剧集, 有效: 0, IPv4: 1, IPv6: 0, 最小延迟: -1 ms, 最高速率: 0.00 M/s, 平均速率: 0.00 M/s, 最高分辨率: 1280x720
分类: 🌊港·澳·台, 名称: 星卫娱乐, 有效: 0, IPv4: 1, IPv6: 0, 最小延迟: -1 ms, 最高速率: 0.00 M/s, 平均速率: 0.00 M/s, 最高分辨率: None
分类: 🌊港·澳·台, 名称: 靖天资讯, 有效: 0, IPv4: 3, IPv6: 0, 最小延迟: -1 ms, 最高速率: 0.00 M/s, 平均速率: 0.00 M/s, 最高分辨率: None
分类: 🌊港·澳·台, 名称: 纬来育乐, 有效: 0, IPv4: 5, IPv6: 0, 最小延迟: -1 ms, 最高速率: 0.00 M/s, 平均速率: 0.00 M/s, 最高分辨率: 1280x720
分类: 🌊港·澳·台, 名称: J2, 有效: 0, IPv4: 1, IPv6: 0, 最小延迟: -1 ms, 最高速率: 0.00 M/s, 平均速率: 0.00 M/s, 最高分辨率: None
分类: 🎬电影频道, 名称: CHC动作电影, 有效: 5, IPv4: 9, IPv6: 0, 最小延迟: 44 ms, 最高速率: 119.36 M/s, 平均速率: 24.50 M/s, 最高分辨率: 1920x1080
分类: 🌊港·澳·台, 名称: 东森电影, 有效: 0, IPv4: 3, IPv6: 0, 最小延迟: -1 ms, 最高速率: 0.00 M/s, 平均速率: 0.00 M/s, 最高分辨率: None
分类: 🎬电影频道, 名称: CHC家庭影院, 有效: 5, IPv4: 9, IPv6: 0, 最小延迟: 281 ms, 最高速率: 1.92 M/s, 平均速率: 1.68 M/s, 最高分辨率: 1280x720
分类: 🎬电影频道, 名称: 淘剧场, 有效: 0, IPv4: 2, IPv6: 0, 最小延迟: 724 ms, 最高速率: 0.09 M/s, 平均速率: 0.00 M/s, 最高分辨率: 1920x1080
分类: 🎬电影频道, 名称: 淘娱乐, 有效: 0, IPv4: 2, IPv6: 0, 最小延迟: 690 ms, 最高速率: 0.15 M/s, 平均速率: 0.00 M/s, 最高分辨率: 1920x1080
分类: 🎬电影频道, 名称: NewTV惊悚悬疑, 有效: 0, IPv4: 2, IPv6: 0, 最小延迟: -1 ms, 最高速率: 0.00 M/s, 平均速率: 0.00 M/s, 最高分辨率: None
分类: 🎬电影频道, 名称: NewTV动作电影, 有效: 0, IPv4: 1, IPv6: 0, 最小延迟: -1 ms, 最高速率: 0.00 M/s, 平均速率: 0.00 M/s, 最高分辨率: None
分类: 🎬电影频道, 名称: 靖天戏剧, 有效: 0, IPv4: 5, IPv6: 0, 最小延迟: -1 ms, 最高速率: 0.00 M/s, 平均速率: 0.00 M/s, 最高分辨率: None
分类: 🎬电影频道, 名称: 经典电影, 有效: 1, IPv4: 3, IPv6: 0, 最小延迟: 1006 ms, 最高速率: 0.59 M/s, 平均速率: 0.59 M/s, 最高分辨率: 1280x720
分类: 🎬电影频道, 名称: 靖天映画, 有效: 0, IPv4: 6, IPv6: 0, 最小延迟: -1 ms, 最高速率: 0.00 M/s, 平均速率: 0.00 M/s, 最高分辨率: 1920x1080
分类: 🎬电影频道, 名称: 纬来电影, 有效: 0, IPv4: 10, IPv6: 0, 最小延迟: -1 ms, 最高速率: 0.00 M/s, 平均速率: 0.00 M/s, 最高分辨率: None
分类: 🎬电影频道, 名称: 私人影院, 有效: 0, IPv4: 1, IPv6: 0, 最小延迟: -1 ms, 最高速率: 0.00 M/s, 平均速率: 0.00 M/s, 最高分辨率: None
分类: 🎬电影频道, 名称: 龙祥电影, 有效: 0, IPv4: 5, IPv6: 0, 最小延迟: -1 ms, 最高速率: 0.00 M/s, 平均速率: 0.00 M/s, 最高分辨率: None
分类: 🎬电影频道, 名称: 东森洋片, 有效: 0, IPv4: 10, IPv6: 0, 最小延迟: -1 ms, 最高速率: 0.00 M/s, 平均速率: 0.00 M/s, 最高分辨率: None
分类: 🎬电影频道, 名称: 天映经典, 有效: 1, IPv4: 8, IPv6: 0, 最小延迟: 168 ms, 最高速率: 33.04 M/s, 平均速率: 33.04 M/s, 最高分辨率: 1920x1080
分类: 🏀体育频道, 名称: 劲爆体育, 有效: 0, IPv4: 3, IPv6: 0, 最小延迟: -1 ms, 最高速率: 0.00 M/s, 平均速率: 0.00 M/s, 最高分辨率: None
分类: 🏀体育频道, 名称: 天津体育, 有效: 2, IPv4: 3, IPv6: 0, 最小延迟: 374 ms, 最高速率: 5.69 M/s, 平均速率: 5.67 M/s, 最高分辨率: 1280x720
分类: 🏀体育频道, 名称: 睛彩篮球, 有效: 0, IPv4: 2, IPv6: 0, 最小延迟: -1 ms, 最高速率: 0.00 M/s, 平均速率: 0.00 M/s, 最高分辨率: None
分类: 🏀体育频道, 名称: 辽宁体育, 有效: 0, IPv4: 1, IPv6: 0, 最小延迟: 4708 ms, 最高速率: 0.21 M/s, 平均速率: 0.00 M/s, 最高分辨率: 1920x1080
分类: 🏀体育频道, 名称: 魅力足球, 有效: 0, IPv4: 2, IPv6: 0, 最小延迟: -1 ms, 最高速率: 0.00 M/s, 平均速率: 0.00 M/s, 最高分辨率: None
分类: 🏀体育频道, 名称: 天元围棋, 有效: 2, IPv4: 2, IPv6: 0, 最小延迟: 1107 ms, 最高速率: 0.60 M/s, 平均速率: 0.56 M/s, 最高分辨率: 1920x1080
分类: 🎬电影频道, 名称: 星空卫视, 有效: 0, IPv4: 2, IPv6: 0, 最小延迟: -1 ms, 最高速率: 0.00 M/s, 平均速率: 0.00 M/s, 最高分辨率: None
分类: 🏀体育频道, 名称: 五星体育, 有效: 0, IPv4: 5, IPv6: 0, 最小延迟: 1332 ms, 最高速率: 0.16 M/s, 平均速率: 0.00 M/s, 最高分辨率: 1920x1080
分类: 🏀体育频道, 名称: 体育赛事, 有效: 0, IPv4: 1, IPv6: 0, 最小延迟: -1 ms, 最高速率: 0.00 M/s, 平均速率: 0.00 M/s, 最高分辨率: None
分类: 🏀体育频道, 名称: 快乐垂钓, 有效: 0, IPv4: 7, IPv6: 0, 最小延迟: 467 ms, 最高速率: 0.06 M/s, 平均速率: 0.00 M/s, 最高分辨率: None
分类: 🏀体育频道, 名称: 睛彩广场舞, 有效: 0, IPv4: 4, IPv6: 0, 最小延迟: -1 ms, 最高速率: 0.00 M/s, 平均速率: 0.00 M/s, 最高分辨率: None
分类: 🏀体育频道, 名称: JJ斗地主, 有效: 0, IPv4: 10, IPv6: 0, 最小延迟: -1 ms, 最高速率: 0.00 M/s, 平均速率: 0.00 M/s, 最高分辨率: None
分类: 🪁动画频道, 名称: 爱动漫, 有效: 0, IPv4: 1, IPv6: 0, 最小延迟: -1 ms, 最高速率: 0.00 M/s, 平均速率: 0.00 M/s, 最高分辨率: None
分类: 🪁动画频道, 名称: 新动漫, 有效: 0, IPv4: 2, IPv6: 0, 最小延迟: -1 ms, 最高速率: 0.00 M/s, 平均速率: 0.00 M/s, 最高分辨率: None
分类: 🪁动画频道, 名称: 少儿动画, 有效: 0, IPv4: 13, IPv6: 0, 最小延迟: -1 ms, 最高速率: 0.00 M/s, 平均速率: 0.00 M/s, 最高分辨率: None
分类: 🪁动画频道, 名称: 金鹰卡通, 有效: 0, IPv4: 16, IPv6: 0, 最小延迟: -1 ms, 最高速率: 0.00 M/s, 平均速率: 0.00 M/s, 最高分辨率: None
分类: 🎮游戏频道, 名称: 游戏风云, 有效: 0, IPv4: 4, IPv6: 0, 最小延迟: -1 ms, 最高速率: 0.00 M/s, 平均速率: 0.00 M/s, 最高分辨率: None
分类: 🪁动画频道, 名称: 七龙珠, 有效: 0, IPv4: 2, IPv6: 0, 最小延迟: -1 ms, 最高速率: 0.00 M/s, 平均速率: 0.00 M/s, 最高分辨率: None
分类: 🏛经典剧场, 名称: 天龙八部, 有效: 0, IPv4: 1, IPv6: 0, 最小延迟: -1 ms, 最高速率: 0.00 M/s, 平均速率: 0.00 M/s, 最高分辨率: None
分类: 🪁动画频道, 名称: 火影忍者, 有效: 0, IPv4: 1, IPv6: 0, 最小延迟: -1 ms, 最高速率: 0.00 M/s, 平均速率: 0.00 M/s, 最高分辨率: None
分类: 🎮游戏频道, 名称: 游戏竞技, 有效: 0, IPv4: 1, IPv6: 0, 最小延迟: -1 ms, 最高速率: 0.00 M/s, 平均速率: 0.00 M/s, 最高分辨率: None
分类: 🎵音乐频道, 名称: 音乐现场, 有效: 0, IPv4: 3, IPv6: 0, 最小延迟: 7 ms, 最高速率: 13.35 M/s, 平均速率: 0.00 M/s, 最高分辨率: None
分类: 🏛经典剧场, 名称: 闯关东, 有效: 1, IPv4: 1, IPv6: 0, 最小延迟: 800 ms, 最高速率: 5.38 M/s, 平均速率: 5.38 M/s, 最高分辨率: 1920x1080
分类: 🏛经典剧场, 名称: 水浒传, 有效: 3, IPv4: 4, IPv6: 0, 最小延迟: 45 ms, 最高速率: 9.07 M/s, 平均速率: 6.64 M/s, 最高分辨率: 1920x1080
分类: 🎵音乐频道, 名称: 音乐调频广播, 有效: 0, IPv4: 1, IPv6: 0, 最小延迟: -1 ms, 最高速率: 0.00 M/s, 平均速率: 0.00 M/s, 最高分辨率: None
分类: 🏛经典剧场, 名称: 西游记, 有效: 1, IPv4: 7, IPv6: 0, 最小延迟: 432 ms, 最高速率: 4.67 M/s, 平均速率: 4.67 M/s, 最高分辨率: 1920x1080
